Microchip MPLAB XC8 Compiler V1.35 ()

Linker command line:

--edf=C:\Program Files (x86)\Microchip\xc8\v1.35\dat\en_msgs.txt -cs \
  -h+dist/default/production\RadioConnector.X.production.sym \
  --cmf=dist/default/production\RadioConnector.X.production.cmf -z \
  -Q18F4520 -oC:\Users\Niels\AppData\Local\Temp\s45k.2 \
  -Mdist/default/production/RadioConnector.X.production.map -E1 -ver=XC8 \
  -ASTACK=0226h-05ffh -pstack=STACK -ACODE=00h-07FFFh -ACONST=00h-07FFFh \
  -ASMALLCONST=0600h-06FFhx122 -AMEDIUMCONST=0600h-07FFFh -ACOMRAM=01h-07Fh \
  -AABS1=00h-05FFh -ABIGRAM=01h-05FFh -ARAM=080h-0FFh,0100h-01FFhx5 \
  -ABANK0=080h-0FFh -ABANK1=0100h-01FFh -ABANK2=0200h-02FFh \
  -ABANK3=0300h-03FFh -ABANK4=0400h-04FFh -ABANK5=0500h-05FFh \
  -ASFR=0F80h-0FFFh \
  -preset_vec=00h,intcode=08h,intcodelo,powerup,init,end_init \
  -pramtop=0600h -psmallconst=SMALLCONST -pmediumconst=MEDIUMCONST \
  -pconst=CONST -AFARRAM=00h-00h -ACONFIG=0300000h-030000Dh -pconfig=CONFIG \
  -AIDLOC=0200000h-0200007h -pidloc=IDLOC -AEEDATA=0F00000h-0F000FFh \
  -peeprom_data=EEDATA \
  -prdata=COMRAM,nvrram=COMRAM,nvbit=COMRAM,rbss=COMRAM,rbit=COMRAM \
  -pfarbss=FARRAM,fardata=FARRAM,nvFARRAM=FARRAM \
  -pintsave_regs=BIGRAM,bigbss=BIGRAM,bigdata=BIGRAM -pbss=RAM \
  -pidata=CODE,irdata=CODE,ibigdata=CODE,ifardata=CODE -prparam=COMRAM \
  C:\Users\Niels\AppData\Local\Temp\s45k.obj \
  dist/default/production\RadioConnector.X.production.obj 

Object code version is 3.11

Machine type is 18F4520

Call graph: (short form)




                Name                               Link     Load   Length Selector   Space Scale
C:\Users\Niels\AppData\Local\Temp\s45k.obj
                end_init                             16       16        4        4       0
                reset_vec                             0        0        4        0       0
                idloc                            200000   200000        8   200000       0
                config                           300000   300000        E   300000       0
dist/default/production\RadioConnector.X.production.obj
                intcode                               8        8        E        4       0
                temp                                 3F       3F        1        1       1
                smallconst                          600      600       26      300       0
                text27                              C08      C08       86      313       0
                text26                             1114     1114       14      313       0
                intcode_body                        B7E      B7E       8A      313       0
                text24                             1012     1012       26      313       0
                text23                             107A     107A       1E      313       0
                text22                              626      626      152      313       0
                text21                              F5A      F5A       44      313       0
                text20                              E0A      E0A       6C      313       0
                text19                              F9E      F9E       3E      313       0
                text18                              A1C      A1C       C6      313       0
                text17                              AE2      AE2       9C      313       0
                text16                              D8C      D8C       7E      313       0
                text15                              D0E      D0E       7E      313       0
                text14                              778      778       F8      313       0
                text13                              870      870       D8      313       0
                text12                              948      948       D4      313       0
                text11                             1098     1098       1C      313       0
                text10                              F12      F12       48      313       0
                text9                               ECA      ECA       48      313       0
                text8                              1128     1128        C      313       0
                text7                               FDC      FDC       36      313       0
                text6                               C8E      C8E       80      313       0
                text5                              10E6     10E6       18      313       0
                text4                              10B4     10B4       1A      313       0
                text3                              1038     1038       22      313       0
                text2                              105A     105A       20      313       0
                text1                              10CE     10CE       18      313       0
                text0                              10FE     10FE       16      313       0
                cstackCOMRAM                          1        1       36        1       1
                cstackBANK0                          80       80       32       80       1
                bssBIGRAM                            D2       D2      154       D2       1
                bssBANK0                             B2       B2       20       80       1
                dataCOMRAM                           37       37        5        1       1
                bssCOMRAM                            3C       3C        3        1       1
                cinit                               E76      E76       54      313       0
                idataCOMRAM                        1134     1134        5      313       0

TOTAL           Name                               Link     Load   Length     Space
        CLASS   STACK          

        CLASS   CODE           
                end_init                             16       16        4         0
                intcode                               8        8        E         0
                reset_vec                             0        0        4         0
                text27                              C08      C08       86         0
                text26                             1114     1114       14         0
                intcode_body                        B7E      B7E       8A         0
                text24                             1012     1012       26         0
                text23                             107A     107A       1E         0
                text22                              626      626      152         0
                text21                              F5A      F5A       44         0
                text20                              E0A      E0A       6C         0
                text19                              F9E      F9E       3E         0
                text18                              A1C      A1C       C6         0
                text17                              AE2      AE2       9C         0
                text16                              D8C      D8C       7E         0
                text15                              D0E      D0E       7E         0
                text14                              778      778       F8         0
                text13                              870      870       D8         0
                text12                              948      948       D4         0
                text11                             1098     1098       1C         0
                text10                              F12      F12       48         0
                text9                               ECA      ECA       48         0
                text8                              1128     1128        C         0
                text7                               FDC      FDC       36         0
                text6                               C8E      C8E       80         0
                text5                              10E6     10E6       18         0
                text4                              10B4     10B4       1A         0
                text3                              1038     1038       22         0
                text2                              105A     105A       20         0
                text1                              10CE     10CE       18         0
                text0                              10FE     10FE       16         0
                cinit                               E76      E76       54         0
                idataCOMRAM                        1134     1134        5         0

        CLASS   CONST          

        CLASS   SMALLCONST     
                smallconst                          600      600       26         0

        CLASS   MEDIUMCONST    

        CLASS   COMRAM         
                temp                                 3F       3F        1         1
                cstackCOMRAM                          1        1       36         1
                dataCOMRAM                           37       37        5         1
                bssCOMRAM                            3C       3C        3         1

        CLASS   ABS1           

        CLASS   BIGRAM         
                bssBIGRAM                            D2       D2      154         1

        CLASS   RAM            

        CLASS   BANK0          
                cstackBANK0                          80       80       32         1
                bssBANK0                             B2       B2       20         1

        CLASS   BANK1          

        CLASS   BANK2          

        CLASS   BANK3          

        CLASS   BANK4          

        CLASS   BANK5          

        CLASS   SFR            

        CLASS   FARRAM         

        CLASS   CONFIG         
                config                           300000   300000        E         0

        CLASS   IDLOC          
                idloc                            200000   200000        8         0

        CLASS   EEDATA         



SEGMENTS        Name                           Load    Length   Top    Selector   Space  Class

                reset_vec                      000000  000004  000004         0       0  CODE    
                cstackCOMRAM                   000001  00003F  000040         1       1  COMRAM  
                intcode                        000008  000012  00001A         4       0  CODE    
                cstackBANK0                    000080  000052  0000D2        80       1  BANK0   
                bssBIGRAM                      0000D2  000154  000226        D2       1  BIGRAM  
                smallconst                     000600  000026  000626       300       0  SMALLCON
                text22                         000626  000B13  001139       313       0  CODE    
                idloc                          200000  000008  200008    200000       0  IDLOC   
                config                         300000  00000E  30000E    300000       0  CONFIG  


UNUSED ADDRESS RANGES

        Name                Unused          Largest block    Delta
        BANK2            000226-0002FF               DA
        BANK3            000300-0003FF              100
        BANK4            000400-0004FF              100
        BANK5            000500-0005FF              100
        BIGRAM           000040-00007F               40
                         000226-0005FF              3DA
        CODE             000004-000007                4
                         00001A-0005FF              5E6
                         001139-007FFF             6EC7
        COMRAM           000040-00007F               40
        CONST            000004-000007                4
                         00001A-0005FF              5E6
                         001139-007FFF             6EC7
        EEDATA           F00000-F000FF              100
        MEDIUMCONST      001139-007FFF             6EC7
        RAM              000226-0005FF              100
        SFR              000F80-000FFF               80
        SMALLCONST       001139-007FFF              100
        STACK            000226-0005FF              3DA

                                  Symbol Table

?___wmul                          cstackCOMRAM 000017
?_atoi                            cstackCOMRAM 000028
?_strchr                          cstackCOMRAM 000017
?_strcmp                          cstackCOMRAM 000017
?_strcspn                         cstackCOMRAM 00001D
?_strlen                          cstackCOMRAM 000017
?_strncmp                         cstackCOMRAM 00001D
?_strspn                          cstackCOMRAM 00001D
?_strstr                          cstackCOMRAM 000026
?_strtok                          cstackCOMRAM 000024
_BRG16                            (abs)        007DC3
_BRGH                             (abs)        007D62
_CREN                             (abs)        007D5C
_FERR                             (abs)        007D5A
_GIE                              (abs)        007F97
_ISR                              intcode      000008
_LATAbits                         (abs)        000F89
_OERR                             (abs)        007D59
_PEIE                             (abs)        007F96
_RCIE                             (abs)        007CED
_RCIF                             (abs)        007CF5
_RCREG                            (abs)        000FAE
_RX9                              (abs)        007D5E
_SPBRG                            (abs)        000FAF
_SPEN                             (abs)        007D5F
_SREN                             (abs)        007D5D
_SYNC                             (abs)        007D64
_TRISAbits                        (abs)        000F92
_TRISC6                           (abs)        007CA6
_TRISC7                           (abs)        007CA7
_TX9                              (abs)        007D66
_TXEN                             (abs)        007D65
_TXIE                             (abs)        007CEC
_TXIF                             (abs)        007CF4
_TXREG                            (abs)        000FAD
__CFG_BOREN$SBORDIS               (abs)        000000
__CFG_BORV$3                      (abs)        000000
__CFG_CCP2MX$PORTC                (abs)        000000
__CFG_CP0$OFF                     (abs)        000000
__CFG_CP1$OFF                     (abs)        000000
__CFG_CP2$OFF                     (abs)        000000
__CFG_CP3$OFF                     (abs)        000000
__CFG_CPB$OFF                     (abs)        000000
__CFG_CPD$OFF                     (abs)        000000
__CFG_EBTR0$OFF                   (abs)        000000
__CFG_EBTR1$OFF                   (abs)        000000
__CFG_EBTR2$OFF                   (abs)        000000
__CFG_EBTR3$OFF                   (abs)        000000
__CFG_FCMEN$OFF                   (abs)        000000
__CFG_IESO$OFF                    (abs)        000000
__CFG_LPT1OSC$OFF                 (abs)        000000
__CFG_LVP$OFF                     (abs)        000000
__CFG_MCLRE$ON                    (abs)        000000
__CFG_OSC$HS                      (abs)        000000
__CFG_PBADEN$ON                   (abs)        000000
__CFG_PWRT$OFF                    (abs)        000000
__CFG_STVREN$ON                   (abs)        000000
__CFG_WDT$OFF                     (abs)        000000
__CFG_WDTPS$32768                 (abs)        000000
__CFG_WRT0$OFF                    (abs)        000000
__CFG_WRT1$OFF                    (abs)        000000
__CFG_WRT2$OFF                    (abs)        000000
__CFG_WRT3$OFF                    (abs)        000000
__CFG_WRTB$OFF                    (abs)        000000
__CFG_WRTC$OFF                    (abs)        000000
__CFG_WRTD$OFF                    (abs)        000000
__CFG_XINST$OFF                   (abs)        000000
__HRAM                            (abs)        000000
__Habs1                           abs1         000000
__Hbank0                          bank0        000000
__Hbank1                          bank1        000000
__Hbank2                          bank2        000000
__Hbank3                          bank3        000000
__Hbank4                          bank4        000000
__Hbank5                          bank5        000000
__Hbigbss                         bigbss       000000
__Hbigdata                        bigdata      000000
__Hbigram                         bigram       000000
__Hbss                            bss          000000
__HbssBANK0                       bssBANK0     000000
__HbssBIGRAM                      bssBIGRAM    000000
__HbssCOMRAM                      bssCOMRAM    000000
__Hcinit                          cinit        000000
__Hclrtext                        clrtext      000000
__Hcomram                         comram       000000
__Hconfig                         config       30000E
__Hconst                          const        000000
__HcstackBANK0                    cstackBANK0  000000
__HcstackCOMRAM                   cstackCOMRAM 000000
__Hdata                           data         000000
__HdataCOMRAM                     dataCOMRAM   000000
__Heeprom_data                    eeprom_data  000000
__Hend_init                       end_init     00001A
__Hfarbss                         farbss       000000
__Hfardata                        fardata      000000
__Hibigdata                       ibigdata     000000
__Hidata                          idata        000000
__HidataCOMRAM                    idataCOMRAM  000000
__Hidloc                          idloc        200008
__Hifardata                       ifardata     000000
__Hinit                           init         000016
__Hintcode                        intcode      000016
__Hintcode_body                   intcode_body 000000
__Hintcodelo                      intcodelo    000016
__Hintentry                       intentry     000000
__Hintret                         intret       000000
__Hintsave_regs                   intsave_regs 000000
__Hirdata                         irdata       000000
__Hmediumconst                    mediumconst  000000
__HnvFARRAM                       nvFARRAM     000000
__Hnvbit                          nvbit        000000
__Hnvrram                         nvrram       000000
__Hparam                          rparam       000000
__Hpowerup                        powerup      000016
__Hram                            ram          000000
__Hramtop                         ramtop       000600
__Hrbit                           rbit         000000
__Hrbss                           rbss         000000
__Hrdata                          rdata        000000
__Hreset_vec                      reset_vec    000004
__Hrparam                         rparam       000000
__Hsfr                            sfr          000000
__Hsmallconst                     smallconst   000626
__Hspace_0                        (abs)        30000E
__Hspace_1                        (abs)        000226
__Hspace_2                        (abs)        000000
__Hstack                          stack        000000
__Hstruct                         struct       000000
__Htemp                           temp         000040
__Htext                           text         000000
__Htext0                          text0        000000
__Htext1                          text1        000000
__Htext10                         text10       000000
__Htext11                         text11       000000
__Htext12                         text12       000000
__Htext13                         text13       000000
__Htext14                         text14       000000
__Htext15                         text15       000000
__Htext16                         text16       000000
__Htext17                         text17       000000
__Htext18                         text18       000000
__Htext19                         text19       000000
__Htext2                          text2        000000
__Htext20                         text20       000000
__Htext21                         text21       000000
__Htext22                         text22       000000
__Htext23                         text23       000000
__Htext24                         text24       000000
__Htext26                         text26       000000
__Htext27                         text27       000000
__Htext28                         text28       000000
__Htext3                          text3        000000
__Htext4                          text4        000000
__Htext5                          text5        000000
__Htext6                          text6        000000
__Htext7                          text7        000000
__Htext8                          text8        000000
__Htext9                          text9        000000
__LRAM                            (abs)        000001
__Labs1                           abs1         000000
__Lbank0                          bank0        000000
__Lbank1                          bank1        000000
__Lbank2                          bank2        000000
__Lbank3                          bank3        000000
__Lbank4                          bank4        000000
__Lbank5                          bank5        000000
__Lbigbss                         bigbss       000000
__Lbigdata                        bigdata      000000
__Lbigram                         bigram       000000
__Lbss                            bss          000000
__LbssBANK0                       bssBANK0     000000
__LbssBIGRAM                      bssBIGRAM    000000
__LbssCOMRAM                      bssCOMRAM    000000
__Lcinit                          cinit        000000
__Lclrtext                        clrtext      000000
__Lcomram                         comram       000000
__Lconfig                         config       300000
__Lconst                          const        000000
__LcstackBANK0                    cstackBANK0  000000
__LcstackCOMRAM                   cstackCOMRAM 000000
__Ldata                           data         000000
__LdataCOMRAM                     dataCOMRAM   000000
__Leeprom_data                    eeprom_data  000000
__Lend_init                       end_init     000016
__Lfarbss                         farbss       000000
__Lfardata                        fardata      000000
__Libigdata                       ibigdata     000000
__Lidata                          idata        000000
__LidataCOMRAM                    idataCOMRAM  000000
__Lidloc                          idloc        200000
__Lifardata                       ifardata     000000
__Linit                           init         000016
__Lintcode                        intcode      000008
__Lintcode_body                   intcode_body 000000
__Lintcodelo                      intcodelo    000016
__Lintentry                       intentry     000000
__Lintret                         intret       000000
__Lintsave_regs                   intsave_regs 000000
__Lirdata                         irdata       000000
__Lmediumconst                    mediumconst  000000
__LnvFARRAM                       nvFARRAM     000000
__Lnvbit                          nvbit        000000
__Lnvrram                         nvrram       000000
__Lparam                          rparam       000000
__Lpowerup                        powerup      000016
__Lram                            ram          000000
__Lramtop                         ramtop       000600
__Lrbit                           rbit         000000
__Lrbss                           rbss         000000
__Lrdata                          rdata        000000
__Lreset_vec                      reset_vec    000000
__Lrparam                         rparam       000000
__Lsfr                            sfr          000000
__Lsmallconst                     smallconst   000600
__Lspace_0                        (abs)        000000
__Lspace_1                        (abs)        000000
__Lspace_2                        (abs)        000000
__Lstack                          stack        000000
__Lstruct                         struct       000000
__Ltemp                           temp         00003F
__Ltext                           text         000000
__Ltext0                          text0        000000
__Ltext1                          text1        000000
__Ltext10                         text10       000000
__Ltext11                         text11       000000
__Ltext12                         text12       000000
__Ltext13                         text13       000000
__Ltext14                         text14       000000
__Ltext15                         text15       000000
__Ltext16                         text16       000000
__Ltext17                         text17       000000
__Ltext18                         text18       000000
__Ltext19                         text19       000000
__Ltext2                          text2        000000
__Ltext20                         text20       000000
__Ltext21                         text21       000000
__Ltext22                         text22       000000
__Ltext23                         text23       000000
__Ltext24                         text24       000000
__Ltext26                         text26       000000
__Ltext27                         text27       000000
__Ltext28                         text28       000000
__Ltext3                          text3        000000
__Ltext4                          text4        000000
__Ltext5                          text5        000000
__Ltext6                          text6        000000
__Ltext7                          text7        000000
__Ltext8                          text8        000000
__Ltext9                          text9        000000
__S0                              (abs)        30000E
__S1                              (abs)        000226
__S2                              (abs)        000000
___inthi_sp                       stack        000000
___intlo_sp                       stack        000000
___param_bank                     (abs)        000010
___rparam_used                    (abs)        000001
___sp                             stack        000000
___wmul                           text24       001012
___wmul@multiplicand              cstackCOMRAM 000019
___wmul@multiplier                cstackCOMRAM 000017
___wmul@product                   cstackCOMRAM 00001B
__accesstop                       (abs)        000080
__activetblptr                    (abs)        000002
__end_of_ISR                      intcode_body 000C08
__end_of___wmul                   text24       001038
__end_of__initialization          cinit        000EBC
__end_of_atoi                     text22       000778
__end_of_circBufPop               text12       000A1C
__end_of_circBufPush              text27       000C8E
__end_of_esp8266_fillBuffer       text26       001128
__end_of_esp8266_init             text3        00105A
__end_of_esp8266_isOnline         text5        0010FE
__end_of_esp8266_listAp           text4        0010CE
__end_of_getch                    text11       0010B4
__end_of_isdigit                  text23       001098
__end_of_main                     text0        001114
__end_of_msdelay                  text2        00107A
__end_of_performCommand           text6        000D0E
__end_of_processAccessPointLine   text13       000948
__end_of_putch                    text8        001134
__end_of_readLine                 text10       000F5A
__end_of_setup                    text1        0010E6
__end_of_strchr                   text20       000E76
__end_of_strcmp                   text9        000F12
__end_of_strcpy                   text21       000F9E
__end_of_strcspn                  text16       000E0A
__end_of_strlen                   text19       000FDC
__end_of_strncmp                  text18       000AE2
__end_of_strspn                   text15       000D8C
__end_of_strstr                   text17       000B7E
__end_of_strtok                   text14       000870
__end_of_writeLine                text7        001012
__initialization                  cinit        000E76
__mediumconst                     mediumconst  000000
__pbssBANK0                       bssBANK0     0000B2
__pbssBIGRAM                      bssBIGRAM    0000D2
__pbssCOMRAM                      bssCOMRAM    00003C
__pcinit                          cinit        000E76
__pcstackBANK0                    cstackBANK0  000080
__pcstackCOMRAM                   cstackCOMRAM 000001
__pdataCOMRAM                     dataCOMRAM   000037
__pidataCOMRAM                    idataCOMRAM  001134
__pintcode                        intcode      000008
__pintcode_body                   intcode_body 000B7E
__psmallconst                     smallconst   000600
__ptext0                          text0        0010FE
__ptext1                          text1        0010CE
__ptext10                         text10       000F12
__ptext11                         text11       001098
__ptext12                         text12       000948
__ptext13                         text13       000870
__ptext14                         text14       000778
__ptext15                         text15       000D0E
__ptext16                         text16       000D8C
__ptext17                         text17       000AE2
__ptext18                         text18       000A1C
__ptext19                         text19       000F9E
__ptext2                          text2        00105A
__ptext20                         text20       000E0A
__ptext21                         text21       000F5A
__ptext22                         text22       000626
__ptext23                         text23       00107A
__ptext24                         text24       001012
__ptext26                         text26       001114
__ptext27                         text27       000C08
__ptext28                         text28       000000
__ptext3                          text3        001038
__ptext4                          text4        0010B4
__ptext5                          text5        0010E6
__ptext6                          text6        000C8E
__ptext7                          text7        000FDC
__ptext8                          text8        001128
__ptext9                          text9        000ECA
__ramtop                          ramtop       000600
__size_of_ISR                     (abs)        000000
__size_of___wmul                  (abs)        000000
__size_of_atoi                    (abs)        000000
__size_of_circBufPop              (abs)        000000
__size_of_circBufPush             (abs)        000000
__size_of_esp8266_fillBuffer      (abs)        000000
__size_of_esp8266_init            (abs)        000000
__size_of_esp8266_isOnline        (abs)        000000
__size_of_esp8266_listAp          (abs)        000000
__size_of_getch                   (abs)        000000
__size_of_isdigit                 (abs)        000000
__size_of_main                    (abs)        000000
__size_of_msdelay                 (abs)        000000
__size_of_performCommand          (abs)        000000
__size_of_processAccessPointLine  (abs)        000000
__size_of_putch                   (abs)        000000
__size_of_readLine                (abs)        000000
__size_of_setup                   (abs)        000000
__size_of_strchr                  (abs)        000000
__size_of_strcmp                  (abs)        000000
__size_of_strcpy                  (abs)        000000
__size_of_strcspn                 (abs)        000000
__size_of_strlen                  (abs)        000000
__size_of_strncmp                 (abs)        000000
__size_of_strspn                  (abs)        000000
__size_of_strstr                  (abs)        000000
__size_of_strtok                  (abs)        000000
__size_of_writeLine               (abs)        000000
__smallconst                      smallconst   000600
_accessPoints                     bssBIGRAM    0000D2
_amountOfAccessPoints             bssCOMRAM    00003E
_atoi                             text22       000626
_circBufPop                       text12       000948
_circBufPush                      text27       000C08
_esp8266_fillBuffer               text26       001114
_esp8266_init                     text3        001038
_esp8266_isOnline                 text5        0010E6
_esp8266_listAp                   text4        0010B4
_getch                            text11       001098
_isdigit                          text23       00107A
_isdigit$592                      cstackCOMRAM 000018
_main                             text0        0010FE
_msdelay                          text2        00105A
_performCommand                   text6        000C8E
_processAccessPointLine           text13       000870
_putch                            text8        001128
_readLine                         text10       000F12
_receiveBuffer                    dataCOMRAM   000037
_receiveBuffer_space              bssBANK0     0000B2
_setup                            text1        0010CE
_strchr                           text20       000E0A
_strcmp                           text9        000ECA
_strcpy                           text21       000F5A
_strcspn                          text16       000D8C
_strlen                           text19       000F9E
_strncmp                          text18       000A1C
_strspn                           text15       000D0E
_strstr                           text17       000AE2
_strtok                           text14       000778
_writeLine                        text7        000FDC
atoi@a                            cstackCOMRAM 00002D
atoi@s                            cstackCOMRAM 000028
atoi@sign                         cstackCOMRAM 00002C
btemp                             temp         00003F
circBufPop@c                      cstackCOMRAM 000017
circBufPop@data                   cstackCOMRAM 000019
circBufPop@next                   cstackCOMRAM 00001E
circBufPush@c                     cstackCOMRAM 000001
circBufPush@data                  cstackCOMRAM 000003
circBufPush@next                  cstackCOMRAM 000007
end_of_initialization             cinit        000EBC
esp8266_fillBuffer@c              cstackCOMRAM 000008
getch@c                           cstackCOMRAM 00001F
int$flags                         temp         00003F
int_func                          intcode_body 000B7E
intlevel0                         text         000000
intlevel1                         text         000000
intlevel2                         text         000000
intlevel3                         text         000000
isdigit@c                         cstackCOMRAM 000019
msdelay@b                         cstackCOMRAM 000017
performCommand@cmd                cstackCOMRAM 000033
performCommand@line               cstackBANK0  000080
performCommand@lineProcessor      cstackCOMRAM 000035
processAccessPointLine@line       cstackCOMRAM 00002F
processAccessPointLine@parsedData cstackCOMRAM 000031
putch@c                           cstackCOMRAM 000017
readLine@c                        cstackCOMRAM 000023
readLine@charCnt                  cstackCOMRAM 000022
readLine@line                     cstackCOMRAM 000020
stackhi                           (abs)        0005FF
stacklo                           (abs)        000226
start                             init         000016
start_initialization              cinit        000E76
strchr@chr                        cstackCOMRAM 000019
strchr@ptr                        cstackCOMRAM 000017
strcmp@r                          cstackCOMRAM 00001C
strcmp@s1                         cstackCOMRAM 000017
strcmp@s2                         cstackCOMRAM 000019
strcpy@cp                         cstackCOMRAM 00002C
strcpy@from                       cstackCOMRAM 00002A
strcpy@to                         cstackCOMRAM 000028
strcspn@i                         cstackCOMRAM 000022
strcspn@s1                        cstackCOMRAM 00001D
strcspn@s2                        cstackCOMRAM 00001F
strlen@cp                         cstackCOMRAM 00001B
strlen@s                          cstackCOMRAM 000017
strncmp@len                       cstackCOMRAM 000021
strncmp@s1                        cstackCOMRAM 00001D
strncmp@s2                        cstackCOMRAM 00001F
strspn@i                          cstackCOMRAM 000022
strspn@s1                         cstackCOMRAM 00001D
strspn@s2                         cstackCOMRAM 00001F
strstr@s1                         cstackCOMRAM 000026
strstr@s2                         cstackCOMRAM 000028
strtok@s1                         cstackCOMRAM 000024
strtok@s2                         cstackCOMRAM 000026
strtok@sp                         bssCOMRAM    00003C
writeLine@line                    cstackCOMRAM 000018


FUNCTION INFORMATION:

 *************** function _main *****************
 Defined at:
		line 87 in file "main.c"
 Parameters:    Size  Location     Type
		None
 Auto vars:     Size  Location     Type
		None
 Return value:  Size  Location     Type
		None               void
 Registers used:
		wreg, fsr0l, fsr0h, fsr1l, fsr1h, fsr2l, fsr2h, status,2, status,0, pclat, tosl, tblptrl, tblptrh, tblptru, prodl, prodh, cstack
 Tracked objects:
		On entry : 
		On exit  : 
		Unchanged: 
 Data sizes:     COMRAM   BANK0   BANK1   BANK2   BANK3   BANK4   BANK5
      Params:         0       0       0       0       0       0       0
      Locals:         0       0       0       0       0       0       0
      Temps:          0       0       0       0       0       0       0
      Totals:         0       0       0       0       0       0       0
Total ram usage:        0 bytes
 Hardware stack levels required when called:    9
 This function calls:
		_esp8266_isOnline
		_esp8266_listAp
		_setup
 This function is called by:
		Startup code after reset
 This function uses a non-reentrant model


 *************** function _setup *****************
 Defined at:
		line 107 in file "main.c"
 Parameters:    Size  Location     Type
		None
 Auto vars:     Size  Location     Type
		None
 Return value:  Size  Location     Type
		None               void
 Registers used:
		wreg, status,2, status,0, cstack
 Tracked objects:
		On entry : 
		On exit  : 
		Unchanged: 
 Data sizes:     COMRAM   BANK0   BANK1   BANK2   BANK3   BANK4   BANK5
      Params:         0       0       0       0       0       0       0
      Locals:         0       0       0       0       0       0       0
      Temps:          0       0       0       0       0       0       0
      Totals:         0       0       0       0       0       0       0
Total ram usage:        0 bytes
 Hardware stack levels used:    1
 Hardware stack levels required when called:    4
 This function calls:
		_esp8266_init
		_msdelay
 This function is called by:
		_main
 This function uses a non-reentrant model


 *************** function _msdelay *****************
 Defined at:
		line 122 in file "main.c"
 Parameters:    Size  Location     Type
  b               2   22[COMRAM] unsigned int 
 Auto vars:     Size  Location     Type
		None
 Return value:  Size  Location     Type
		None               void
 Registers used:
		wreg, status,2, status,0
 Tracked objects:
		On entry : 
		On exit  : 
		Unchanged: 
 Data sizes:     COMRAM   BANK0   BANK1   BANK2   BANK3   BANK4   BANK5
      Params:         2       0       0       0       0       0       0
      Locals:         0       0       0       0       0       0       0
      Temps:          1       0       0       0       0       0       0
      Totals:         3       0       0       0       0       0       0
Total ram usage:        3 bytes
 Hardware stack levels used:    1
 Hardware stack levels required when called:    3
 This function calls:
		Nothing
 This function is called by:
		_setup
 This function uses a non-reentrant model


 *************** function _esp8266_init *****************
 Defined at:
		line 16 in file "esp8266.c"
 Parameters:    Size  Location     Type
		None
 Auto vars:     Size  Location     Type
		None
 Return value:  Size  Location     Type
		None               void
 Registers used:
		wreg, status,2
 Tracked objects:
		On entry : 
		On exit  : 
		Unchanged: 
 Data sizes:     COMRAM   BANK0   BANK1   BANK2   BANK3   BANK4   BANK5
      Params:         0       0       0       0       0       0       0
      Locals:         0       0       0       0       0       0       0
      Temps:          0       0       0       0       0       0       0
      Totals:         0       0       0       0       0       0       0
Total ram usage:        0 bytes
 Hardware stack levels used:    1
 Hardware stack levels required when called:    3
 This function calls:
		Nothing
 This function is called by:
		_setup
 This function uses a non-reentrant model


 *************** function _esp8266_listAp *****************
 Defined at:
		line 66 in file "esp8266.c"
 Parameters:    Size  Location     Type
		None
 Auto vars:     Size  Location     Type
		None
 Return value:  Size  Location     Type
		None               void
 Registers used:
		wreg, fsr0l, fsr0h, fsr1l, fsr1h, fsr2l, fsr2h, status,2, status,0, pclat, tosl, tblptrl, tblptrh, tblptru, prodl, prodh, cstack
 Tracked objects:
		On entry : 
		On exit  : 
		Unchanged: 
 Data sizes:     COMRAM   BANK0   BANK1   BANK2   BANK3   BANK4   BANK5
      Params:         0       0       0       0       0       0       0
      Locals:         0       0       0       0       0       0       0
      Temps:          0       0       0       0       0       0       0
      Totals:         0       0       0       0       0       0       0
Total ram usage:        0 bytes
 Hardware stack levels used:    1
 Hardware stack levels required when called:    8
 This function calls:
		_performCommand
 This function is called by:
		_main
 This function uses a non-reentrant model


 *************** function _esp8266_isOnline *****************
 Defined at:
		line 49 in file "esp8266.c"
 Parameters:    Size  Location     Type
		None
 Auto vars:     Size  Location     Type
		None
 Return value:  Size  Location     Type
		None               void
 Registers used:
		wreg, fsr0l, fsr0h, fsr1l, fsr1h, fsr2l, fsr2h, status,2, status,0, pclat, tosl, tblptrl, tblptrh, tblptru, prodl, prodh, cstack
 Tracked objects:
		On entry : 
		On exit  : 
		Unchanged: 
 Data sizes:     COMRAM   BANK0   BANK1   BANK2   BANK3   BANK4   BANK5
      Params:         0       0       0       0       0       0       0
      Locals:         0       0       0       0       0       0       0
      Temps:          0       0       0       0       0       0       0
      Totals:         0       0       0       0       0       0       0
Total ram usage:        0 bytes
 Hardware stack levels used:    1
 Hardware stack levels required when called:    8
 This function calls:
		_performCommand
 This function is called by:
		_main
 This function uses a non-reentrant model


 *************** function _performCommand *****************
 Defined at:
		line 101 in file "esp8266.c"
 Parameters:    Size  Location     Type
  cmd             2   50[COMRAM] PTR const unsigned char 
		 -> STR_2(9), STR_1(3), 
  lineProcesso    2   52[COMRAM] PTR FTN(PTR unsigned cha
		 -> processAccessPointLine(0), Absolute function(0), 
 Auto vars:     Size  Location     Type
  line           50    0[BANK0 ] unsigned char [50]
 Return value:  Size  Location     Type
		None               void
 Registers used:
		wreg, fsr0l, fsr0h, fsr1l, fsr1h, fsr2l, fsr2h, status,2, status,0, pclat, tosl, tblptrl, tblptrh, tblptru, prodl, prodh, cstack
 Tracked objects:
		On entry : 
		On exit  : 
		Unchanged: 
 Data sizes:     COMRAM   BANK0   BANK1   BANK2   BANK3   BANK4   BANK5
      Params:         4       0       0       0       0       0       0
      Locals:         0      50       0       0       0       0       0
      Temps:          0       0       0       0       0       0       0
      Totals:         4      50       0       0       0       0       0
Total ram usage:       54 bytes
 Hardware stack levels used:    1
 Hardware stack levels required when called:    7
 This function calls:
		Absolute function
		_processAccessPointLine
		_readLine
		_strcmp
		_writeLine
 This function is called by:
		_esp8266_isOnline
		_esp8266_listAp
 This function uses a non-reentrant model


 *************** function _writeLine *****************
 Defined at:
		line 125 in file "esp8266.c"
 Parameters:    Size  Location     Type
  line            2   23[COMRAM] PTR const unsigned char 
		 -> STR_2(9), STR_1(3), 
 Auto vars:     Size  Location     Type
		None
 Return value:  Size  Location     Type
		None               void
 Registers used:
		wreg, status,2, status,0, tblptrl, tblptrh, tblptru, cstack
 Tracked objects:
		On entry : 
		On exit  : 
		Unchanged: 
 Data sizes:     COMRAM   BANK0   BANK1   BANK2   BANK3   BANK4   BANK5
      Params:         2       0       0       0       0       0       0
      Locals:         0       0       0       0       0       0       0
      Temps:          0       0       0       0       0       0       0
      Totals:         2       0       0       0       0       0       0
Total ram usage:        2 bytes
 Hardware stack levels used:    1
 Hardware stack levels required when called:    4
 This function calls:
		_putch
 This function is called by:
		_performCommand
 This function uses a non-reentrant model


 *************** function _putch *****************
 Defined at:
		line 155 in file "esp8266.c"
 Parameters:    Size  Location     Type
  c               1    wreg     unsigned char 
 Auto vars:     Size  Location     Type
  c               1   22[COMRAM] unsigned char 
 Return value:  Size  Location     Type
		None               void
 Registers used:
		wreg
 Tracked objects:
		On entry : 
		On exit  : 
		Unchanged: 
 Data sizes:     COMRAM   BANK0   BANK1   BANK2   BANK3   BANK4   BANK5
      Params:         0       0       0       0       0       0       0
      Locals:         1       0       0       0       0       0       0
      Temps:          0       0       0       0       0       0       0
      Totals:         1       0       0       0       0       0       0
Total ram usage:        1 bytes
 Hardware stack levels used:    1
 Hardware stack levels required when called:    3
 This function calls:
		Nothing
 This function is called by:
		_writeLine
 This function uses a non-reentrant model


 *************** function _strcmp *****************
 Defined at:
		line 33 in file "C:\Program Files (x86)\Microchip\xc8\v1.35\sources\common\strcmp.c"
 Parameters:    Size  Location     Type
  s1              2   22[COMRAM] PTR const unsigned char 
		 -> performCommand@line(50), 
  s2              2   24[COMRAM] PTR const unsigned char 
		 -> STR_8(6), STR_7(3), 
 Auto vars:     Size  Location     Type
  r               1   27[COMRAM] char 
 Return value:  Size  Location     Type
                  2   22[COMRAM] int 
 Registers used:
		wreg, fsr2l, fsr2h, status,2, status,0, tblptrl, tblptrh, tblptru
 Tracked objects:
		On entry : 
		On exit  : 
		Unchanged: 
 Data sizes:     COMRAM   BANK0   BANK1   BANK2   BANK3   BANK4   BANK5
      Params:         4       0       0       0       0       0       0
      Locals:         1       0       0       0       0       0       0
      Temps:          1       0       0       0       0       0       0
      Totals:         6       0       0       0       0       0       0
Total ram usage:        6 bytes
 Hardware stack levels used:    1
 Hardware stack levels required when called:    3
 This function calls:
		Nothing
 This function is called by:
		_performCommand
 This function uses a non-reentrant model


 *************** function _readLine *****************
 Defined at:
		line 134 in file "esp8266.c"
 Parameters:    Size  Location     Type
  line            2   31[COMRAM] PTR unsigned char 
		 -> performCommand@line(50), 
 Auto vars:     Size  Location     Type
  c               1   34[COMRAM] unsigned char 
  charCnt         1   33[COMRAM] unsigned char 
 Return value:  Size  Location     Type
		None               void
 Registers used:
		wreg, fsr1l, fsr1h, fsr2l, fsr2h, status,2, status,0, prodl, prodh, cstack
 Tracked objects:
		On entry : 
		On exit  : 
		Unchanged: 
 Data sizes:     COMRAM   BANK0   BANK1   BANK2   BANK3   BANK4   BANK5
      Params:         2       0       0       0       0       0       0
      Locals:         2       0       0       0       0       0       0
      Temps:          0       0       0       0       0       0       0
      Totals:         4       0       0       0       0       0       0
Total ram usage:        4 bytes
 Hardware stack levels used:    1
 Hardware stack levels required when called:    5
 This function calls:
		_getch
 This function is called by:
		_performCommand
 This function uses a non-reentrant model


 *************** function _getch *****************
 Defined at:
		line 162 in file "esp8266.c"
 Parameters:    Size  Location     Type
		None
 Auto vars:     Size  Location     Type
  c               1   30[COMRAM] unsigned char 
 Return value:  Size  Location     Type
                  1    wreg      unsigned char 
 Registers used:
		wreg, fsr1l, fsr1h, fsr2l, fsr2h, status,2, status,0, prodl, prodh, cstack
 Tracked objects:
		On entry : 
		On exit  : 
		Unchanged: 
 Data sizes:     COMRAM   BANK0   BANK1   BANK2   BANK3   BANK4   BANK5
      Params:         0       0       0       0       0       0       0
      Locals:         1       0       0       0       0       0       0
      Temps:          0       0       0       0       0       0       0
      Totals:         1       0       0       0       0       0       0
Total ram usage:        1 bytes
 Hardware stack levels used:    1
 Hardware stack levels required when called:    4
 This function calls:
		_circBufPop
 This function is called by:
		_readLine
 This function uses a non-reentrant model


 *************** function _circBufPop *****************
 Defined at:
		line 20 in file "circBuf.c"
 Parameters:    Size  Location     Type
  c               2   22[COMRAM] PTR volatile struct .
		 -> receiveBuffer(5), 
  data            2   24[COMRAM] PTR unsigned char 
		 -> getch@c(1), 
 Auto vars:     Size  Location     Type
  next            1   29[COMRAM] unsigned char 
 Return value:  Size  Location     Type
		None               void
 Registers used:
		wreg, fsr1l, fsr1h, fsr2l, fsr2h, status,2, status,0, prodl, prodh
 Tracked objects:
		On entry : 
		On exit  : 
		Unchanged: 
 Data sizes:     COMRAM   BANK0   BANK1   BANK2   BANK3   BANK4   BANK5
      Params:         4       0       0       0       0       0       0
      Locals:         1       0       0       0       0       0       0
      Temps:          3       0       0       0       0       0       0
      Totals:         8       0       0       0       0       0       0
Total ram usage:        8 bytes
 Hardware stack levels used:    1
 Hardware stack levels required when called:    3
 This function calls:
		Nothing
 This function is called by:
		_getch
 This function uses a non-reentrant model


 *************** function _processAccessPointLine *****************
 Defined at:
		line 76 in file "esp8266.c"
 Parameters:    Size  Location     Type
  line            2   46[COMRAM] PTR unsigned char 
		 -> performCommand@line(50), 
 Auto vars:     Size  Location     Type
  parsedData      2   48[COMRAM] PTR unsigned char 
		 -> performCommand@line(50), STR_6(2), STR_5(3), STR_4(2), 
		 -> NULL(0), 
 Return value:  Size  Location     Type
		None               void
 Registers used:
		wreg, fsr0l, fsr0h, fsr2l, fsr2h, status,2, status,0, tblptrl, tblptrh, tblptru, prodl, prodh, cstack
 Tracked objects:
		On entry : 
		On exit  : 
		Unchanged: 
 Data sizes:     COMRAM   BANK0   BANK1   BANK2   BANK3   BANK4   BANK5
      Params:         2       0       0       0       0       0       0
      Locals:         2       0       0       0       0       0       0
      Temps:          0       0       0       0       0       0       0
      Totals:         4       0       0       0       0       0       0
Total ram usage:        4 bytes
 Hardware stack levels used:    1
 Hardware stack levels required when called:    6
 This function calls:
		_atoi
		_strcpy
		_strstr
		_strtok
 This function is called by:
		_esp8266_listAp
		_performCommand
 This function uses a non-reentrant model


 *************** function _strtok *****************
 Defined at:
		line 8 in file "C:\Program Files (x86)\Microchip\xc8\v1.35\sources\common\strtok.c"
 Parameters:    Size  Location     Type
  s1              2   35[COMRAM] PTR unsigned char 
		 -> performCommand@line(50), STR_6(2), STR_5(3), STR_4(2), 
		 -> NULL(0), 
  s2              2   37[COMRAM] PTR const unsigned char 
		 -> STR_6(2), STR_5(3), STR_4(2), 
 Auto vars:     Size  Location     Type
		None
 Return value:  Size  Location     Type
                  2   35[COMRAM] PTR unsigned char 
 Registers used:
		wreg, fsr0l, fsr0h, status,2, status,0, tblptrl, tblptrh, tblptru, cstack
 Tracked objects:
		On entry : 
		On exit  : 
		Unchanged: 
 Data sizes:     COMRAM   BANK0   BANK1   BANK2   BANK3   BANK4   BANK5
      Params:         4       0       0       0       0       0       0
      Locals:         0       0       0       0       0       0       0
      Temps:          0       0       0       0       0       0       0
      Totals:         4       0       0       0       0       0       0
Total ram usage:        4 bytes
 Hardware stack levels used:    1
 Hardware stack levels required when called:    5
 This function calls:
		_strcspn
		_strspn
 This function is called by:
		_processAccessPointLine
 This function uses a non-reentrant model


 *************** function _strspn *****************
 Defined at:
		line 4 in file "C:\Program Files (x86)\Microchip\xc8\v1.35\sources\common\strspn.c"
 Parameters:    Size  Location     Type
  s1              2   28[COMRAM] PTR const unsigned char 
		 -> performCommand@line(50), STR_6(2), STR_5(3), STR_4(2), 
		 -> NULL(0), 
  s2              2   30[COMRAM] PTR const unsigned char 
		 -> STR_6(2), STR_5(3), STR_4(2), 
 Auto vars:     Size  Location     Type
  i               2   33[COMRAM] unsigned int 
 Return value:  Size  Location     Type
                  2   28[COMRAM] unsigned int 
 Registers used:
		wreg, fsr0l, fsr0h, status,2, status,0, tblptrl, tblptrh, tblptru, cstack
 Tracked objects:
		On entry : 
		On exit  : 
		Unchanged: 
 Data sizes:     COMRAM   BANK0   BANK1   BANK2   BANK3   BANK4   BANK5
      Params:         4       0       0       0       0       0       0
      Locals:         2       0       0       0       0       0       0
      Temps:          1       0       0       0       0       0       0
      Totals:         7       0       0       0       0       0       0
Total ram usage:        7 bytes
 Hardware stack levels used:    1
 Hardware stack levels required when called:    4
 This function calls:
		_strchr
 This function is called by:
		_strtok
 This function uses a non-reentrant model


 *************** function _strcspn *****************
 Defined at:
		line 4 in file "C:\Program Files (x86)\Microchip\xc8\v1.35\sources\common\strcspn.c"
 Parameters:    Size  Location     Type
  s1              2   28[COMRAM] PTR const unsigned char 
		 -> performCommand@line(50), STR_6(2), STR_5(3), STR_4(2), 
		 -> NULL(0), 
  s2              2   30[COMRAM] PTR const unsigned char 
		 -> STR_6(2), STR_5(3), STR_4(2), 
 Auto vars:     Size  Location     Type
  i               2   33[COMRAM] unsigned int 
 Return value:  Size  Location     Type
                  2   28[COMRAM] unsigned int 
 Registers used:
		wreg, fsr0l, fsr0h, status,2, status,0, tblptrl, tblptrh, tblptru, cstack
 Tracked objects:
		On entry : 
		On exit  : 
		Unchanged: 
 Data sizes:     COMRAM   BANK0   BANK1   BANK2   BANK3   BANK4   BANK5
      Params:         4       0       0       0       0       0       0
      Locals:         2       0       0       0       0       0       0
      Temps:          1       0       0       0       0       0       0
      Totals:         7       0       0       0       0       0       0
Total ram usage:        7 bytes
 Hardware stack levels used:    1
 Hardware stack levels required when called:    4
 This function calls:
		_strchr
 This function is called by:
		_strtok
 This function uses a non-reentrant model


 *************** function _strstr *****************
 Defined at:
		line 4 in file "C:\Program Files (x86)\Microchip\xc8\v1.35\sources\common\strstr.c"
 Parameters:    Size  Location     Type
  s1              2   37[COMRAM] PTR const unsigned char 
		 -> performCommand@line(50), STR_6(2), STR_5(3), STR_4(2), 
		 -> NULL(0), 
  s2              2   39[COMRAM] PTR const unsigned char 
		 -> STR_3(9), 
 Auto vars:     Size  Location     Type
		None
 Return value:  Size  Location     Type
                  2   37[COMRAM] PTR unsigned char 
 Registers used:
		wreg, fsr0l, fsr0h, status,2, status,0, tblptrl, tblptrh, tblptru, cstack
 Tracked objects:
		On entry : 
		On exit  : 
		Unchanged: 
 Data sizes:     COMRAM   BANK0   BANK1   BANK2   BANK3   BANK4   BANK5
      Params:         4       0       0       0       0       0       0
      Locals:         0       0       0       0       0       0       0
      Temps:          0       0       0       0       0       0       0
      Totals:         4       0       0       0       0       0       0
Total ram usage:        4 bytes
 Hardware stack levels used:    1
 Hardware stack levels required when called:    4
 This function calls:
		_strchr
		_strlen
		_strncmp
 This function is called by:
		_processAccessPointLine
 This function uses a non-reentrant model


 *************** function _strncmp *****************
 Defined at:
		line 4 in file "C:\Program Files (x86)\Microchip\xc8\v1.35\sources\common\strncmp.c"
 Parameters:    Size  Location     Type
  s1              2   28[COMRAM] PTR const unsigned char 
		 -> performCommand@line(50), STR_6(2), STR_5(3), STR_4(2), 
		 -> NULL(0), 
  s2              2   30[COMRAM] PTR const unsigned char 
		 -> STR_3(9), 
  len             2   32[COMRAM] unsigned int 
 Auto vars:     Size  Location     Type
		None
 Return value:  Size  Location     Type
                  2   28[COMRAM] int 
 Registers used:
		wreg, fsr0l, fsr0h, status,2, status,0, tblptrl, tblptrh, tblptru
 Tracked objects:
		On entry : 
		On exit  : 
		Unchanged: 
 Data sizes:     COMRAM   BANK0   BANK1   BANK2   BANK3   BANK4   BANK5
      Params:         6       0       0       0       0       0       0
      Locals:         0       0       0       0       0       0       0
      Temps:          3       0       0       0       0       0       0
      Totals:         9       0       0       0       0       0       0
Total ram usage:        9 bytes
 Hardware stack levels used:    1
 Hardware stack levels required when called:    3
 This function calls:
		Nothing
 This function is called by:
		_strstr
 This function uses a non-reentrant model


 *************** function _strlen *****************
 Defined at:
		line 4 in file "C:\Program Files (x86)\Microchip\xc8\v1.35\sources\common\strlen.c"
 Parameters:    Size  Location     Type
  s               2   22[COMRAM] PTR const unsigned char 
		 -> STR_3(9), 
 Auto vars:     Size  Location     Type
  cp              2   26[COMRAM] PTR const unsigned char 
		 -> STR_3(9), 
 Return value:  Size  Location     Type
                  2   22[COMRAM] unsigned int 
 Registers used:
		wreg, status,2, status,0, tblptrl, tblptrh, tblptru
 Tracked objects:
		On entry : 
		On exit  : 
		Unchanged: 
 Data sizes:     COMRAM   BANK0   BANK1   BANK2   BANK3   BANK4   BANK5
      Params:         2       0       0       0       0       0       0
      Locals:         2       0       0       0       0       0       0
      Temps:          2       0       0       0       0       0       0
      Totals:         6       0       0       0       0       0       0
Total ram usage:        6 bytes
 Hardware stack levels used:    1
 Hardware stack levels required when called:    3
 This function calls:
		Nothing
 This function is called by:
		_strstr
 This function uses a non-reentrant model


 *************** function _strchr *****************
 Defined at:
		line 4 in file "C:\Program Files (x86)\Microchip\xc8\v1.35\sources\common\strchr.c"
 Parameters:    Size  Location     Type
  ptr             2   22[COMRAM] PTR const unsigned char 
		 -> performCommand@line(50), STR_6(2), STR_5(3), STR_4(2), 
		 -> NULL(0), 
  chr             2   24[COMRAM] int 
 Auto vars:     Size  Location     Type
		None
 Return value:  Size  Location     Type
                  2   22[COMRAM] PTR unsigned char 
 Registers used:
		wreg, fsr0l, fsr0h, status,2, status,0, tblptrl, tblptrh, tblptru
 Tracked objects:
		On entry : 
		On exit  : 
		Unchanged: 
 Data sizes:     COMRAM   BANK0   BANK1   BANK2   BANK3   BANK4   BANK5
      Params:         4       0       0       0       0       0       0
      Locals:         0       0       0       0       0       0       0
      Temps:          2       0       0       0       0       0       0
      Totals:         6       0       0       0       0       0       0
Total ram usage:        6 bytes
 Hardware stack levels used:    1
 Hardware stack levels required when called:    3
 This function calls:
		Nothing
 This function is called by:
		_strstr
		_strcspn
		_strspn
 This function uses a non-reentrant model


 *************** function _strcpy *****************
 Defined at:
		line 8 in file "C:\Program Files (x86)\Microchip\xc8\v1.35\sources\common\strcpy.c"
 Parameters:    Size  Location     Type
  to              2   39[COMRAM] PTR unsigned char 
		 -> accessPoints(340), 
  from            2   41[COMRAM] PTR const unsigned char 
		 -> performCommand@line(50), STR_6(2), STR_5(3), STR_4(2), 
		 -> NULL(0), 
 Auto vars:     Size  Location     Type
  cp              2   43[COMRAM] PTR unsigned char 
		 -> accessPoints(340), 
 Return value:  Size  Location     Type
                  2   39[COMRAM] PTR unsigned char 
 Registers used:
		wreg, fsr0l, fsr0h, fsr2l, fsr2h, status,2, status,0, tblptrl, tblptrh, tblptru
 Tracked objects:
		On entry : 
		On exit  : 
		Unchanged: 
 Data sizes:     COMRAM   BANK0   BANK1   BANK2   BANK3   BANK4   BANK5
      Params:         4       0       0       0       0       0       0
      Locals:         2       0       0       0       0       0       0
      Temps:          0       0       0       0       0       0       0
      Totals:         6       0       0       0       0       0       0
Total ram usage:        6 bytes
 Hardware stack levels used:    1
 Hardware stack levels required when called:    3
 This function calls:
		Nothing
 This function is called by:
		_processAccessPointLine
 This function uses a non-reentrant model


 *************** function _atoi *****************
 Defined at:
		line 5 in file "C:\Program Files (x86)\Microchip\xc8\v1.35\sources\common\atoi.c"
 Parameters:    Size  Location     Type
  s               2   39[COMRAM] PTR const unsigned char 
		 -> performCommand@line(50), STR_6(2), STR_5(3), STR_4(2), 
		 -> NULL(0), 
 Auto vars:     Size  Location     Type
  a               2   44[COMRAM] int 
  sign            1   43[COMRAM] unsigned char 
 Return value:  Size  Location     Type
                  2   39[COMRAM] int 
 Registers used:
		wreg, fsr0l, fsr0h, status,2, status,0, tblptrl, tblptrh, tblptru, prodl, prodh, cstack
 Tracked objects:
		On entry : 
		On exit  : 
		Unchanged: 
 Data sizes:     COMRAM   BANK0   BANK1   BANK2   BANK3   BANK4   BANK5
      Params:         2       0       0       0       0       0       0
      Locals:         3       0       0       0       0       0       0
      Temps:          2       0       0       0       0       0       0
      Totals:         7       0       0       0       0       0       0
Total ram usage:        7 bytes
 Hardware stack levels used:    1
 Hardware stack levels required when called:    4
 This function calls:
		___wmul
		_isdigit
 This function is called by:
		_processAccessPointLine
 This function uses a non-reentrant model


 *************** function _isdigit *****************
 Defined at:
		line 8 in file "C:\Program Files (x86)\Microchip\xc8\v1.35\sources\common\isdigit.c"
 Parameters:    Size  Location     Type
  c               1    wreg     unsigned char 
 Auto vars:     Size  Location     Type
  c               1   24[COMRAM] unsigned char 
 Return value:  Size  Location     Type
		None               void
 Registers used:
		wreg, status,2, status,0
 Tracked objects:
		On entry : 
		On exit  : 
		Unchanged: 
 Data sizes:     COMRAM   BANK0   BANK1   BANK2   BANK3   BANK4   BANK5
      Params:         0       0       0       0       0       0       0
      Locals:         2       0       0       0       0       0       0
      Temps:          1       0       0       0       0       0       0
      Totals:         3       0       0       0       0       0       0
Total ram usage:        3 bytes
 Hardware stack levels used:    1
 Hardware stack levels required when called:    3
 This function calls:
		Nothing
 This function is called by:
		_atoi
 This function uses a non-reentrant model


 *************** function ___wmul *****************
 Defined at:
		line 15 in file "C:\Program Files (x86)\Microchip\xc8\v1.35\sources\common\Umul16.c"
 Parameters:    Size  Location     Type
  multiplier      2   22[COMRAM] unsigned int 
  multiplicand    2   24[COMRAM] unsigned int 
 Auto vars:     Size  Location     Type
  product         2   26[COMRAM] unsigned int 
 Return value:  Size  Location     Type
                  2   22[COMRAM] unsigned int 
 Registers used:
		wreg, status,2, status,0, prodl, prodh
 Tracked objects:
		On entry : 
		On exit  : 
		Unchanged: 
 Data sizes:     COMRAM   BANK0   BANK1   BANK2   BANK3   BANK4   BANK5
      Params:         4       0       0       0       0       0       0
      Locals:         2       0       0       0       0       0       0
      Temps:          0       0       0       0       0       0       0
      Totals:         6       0       0       0       0       0       0
Total ram usage:        6 bytes
 Hardware stack levels used:    1
 Hardware stack levels required when called:    3
 This function calls:
		Nothing
 This function is called by:
		_atoi
 This function uses a non-reentrant model


 *************** function _ISR *****************
 Defined at:
		line 66 in file "main.c"
 Parameters:    Size  Location     Type
		None
 Auto vars:     Size  Location     Type
		None
 Return value:  Size  Location     Type
		None               void
 Registers used:
		wreg, fsr2l, fsr2h, status,2, status,0, prodl, prodh, cstack
 Tracked objects:
		On entry : 
		On exit  : 
		Unchanged: 
 Data sizes:     COMRAM   BANK0   BANK1   BANK2   BANK3   BANK4   BANK5
      Params:         0       0       0       0       0       0       0
      Locals:         0       0       0       0       0       0       0
      Temps:         14       0       0       0       0       0       0
      Totals:        14       0       0       0       0       0       0
Total ram usage:       14 bytes
 Hardware stack levels used:    1
 Hardware stack levels required when called:    2
 This function calls:
		_esp8266_fillBuffer
 This function is called by:
		Interrupt level 2
 This function uses a non-reentrant model


 *************** function _esp8266_fillBuffer *****************
 Defined at:
		line 44 in file "esp8266.c"
 Parameters:    Size  Location     Type
  c               1    wreg     unsigned char 
 Auto vars:     Size  Location     Type
  c               1    7[COMRAM] unsigned char 
 Return value:  Size  Location     Type
		None               void
 Registers used:
		wreg, fsr2l, fsr2h, status,2, status,0, prodl, prodh, cstack
 Tracked objects:
		On entry : 
		On exit  : 
		Unchanged: 
 Data sizes:     COMRAM   BANK0   BANK1   BANK2   BANK3   BANK4   BANK5
      Params:         0       0       0       0       0       0       0
      Locals:         1       0       0       0       0       0       0
      Temps:          0       0       0       0       0       0       0
      Totals:         1       0       0       0       0       0       0
Total ram usage:        1 bytes
 Hardware stack levels used:    1
 Hardware stack levels required when called:    1
 This function calls:
		_circBufPush
 This function is called by:
		_ISR
 This function uses a non-reentrant model


 *************** function _circBufPush *****************
 Defined at:
		line 5 in file "circBuf.c"
 Parameters:    Size  Location     Type
  c               2    0[COMRAM] PTR volatile struct .
		 -> receiveBuffer(5), 
  data            1    2[COMRAM] unsigned char 
 Auto vars:     Size  Location     Type
  next            1    6[COMRAM] unsigned char 
 Return value:  Size  Location     Type
		None               void
 Registers used:
		wreg, fsr2l, fsr2h, status,2, status,0, prodl, prodh
 Tracked objects:
		On entry : 
		On exit  : 
		Unchanged: 
 Data sizes:     COMRAM   BANK0   BANK1   BANK2   BANK3   BANK4   BANK5
      Params:         3       0       0       0       0       0       0
      Locals:         1       0       0       0       0       0       0
      Temps:          3       0       0       0       0       0       0
      Totals:         7       0       0       0       0       0       0
Total ram usage:        7 bytes
 Hardware stack levels used:    1
 This function calls:
		Nothing
 This function is called by:
		_esp8266_fillBuffer
 This function uses a non-reentrant model



MODULE INFORMATION

Module		Function		Class		Link	Load	Size
C:\Program Files (x86)\Microchip\xc8\v1.35\sources\common\strtok.c
		_strtok        		CODE           	0778	0000	249

C:\Program Files (x86)\Microchip\xc8\v1.35\sources\common\strtok.c estimated size: 249

C:\Program Files (x86)\Microchip\xc8\v1.35\sources\common\strcspn.c
		_strcspn       		CODE           	0D8C	0000	127

C:\Program Files (x86)\Microchip\xc8\v1.35\sources\common\strcspn.c estimated size: 127

C:\Program Files (x86)\Microchip\xc8\v1.35\sources\common\isdigit.c
		_isdigit       		CODE           	107A	0000	31

C:\Program Files (x86)\Microchip\xc8\v1.35\sources\common\isdigit.c estimated size: 31

esp8266.c
		_writeLine     		CODE           	0FDC	0000	55
		_readLine      		CODE           	0F12	0000	73
		_putch         		CODE           	1128	0000	13
		_esp8266_fillBuffer		CODE           	1114	0000	21
		_esp8266_init  		CODE           	1038	0000	35
		_performCommand		CODE           	0C8E	0000	129
		_esp8266_isOnline		CODE           	10E6	0000	25
		_getch         		CODE           	1098	0000	29
		_processAccessPointLine		CODE           	0870	0000	217
		_esp8266_listAp		CODE           	10B4	0000	27

esp8266.c estimated size: 624

C:\Program Files (x86)\Microchip\xc8\v1.35\sources\common\strlen.c
		_strlen        		CODE           	0F9E	0000	63

C:\Program Files (x86)\Microchip\xc8\v1.35\sources\common\strlen.c estimated size: 63

C:\Program Files (x86)\Microchip\xc8\v1.35\sources\common\strcmp.c
		_strcmp        		CODE           	0ECA	0000	73

C:\Program Files (x86)\Microchip\xc8\v1.35\sources\common\strcmp.c estimated size: 73

C:\Program Files (x86)\Microchip\xc8\v1.35\sources\common\strchr.c
		_strchr        		CODE           	0E0A	0000	109

C:\Program Files (x86)\Microchip\xc8\v1.35\sources\common\strchr.c estimated size: 109

C:\Program Files (x86)\Microchip\xc8\v1.35\sources\common\strcpy.c
		_strcpy        		CODE           	0F5A	0000	69

C:\Program Files (x86)\Microchip\xc8\v1.35\sources\common\strcpy.c estimated size: 69

C:\Program Files (x86)\Microchip\xc8\v1.35\sources\common\atoi.c
		_atoi          		CODE           	0626	0000	339

C:\Program Files (x86)\Microchip\xc8\v1.35\sources\common\atoi.c estimated size: 339

C:\Program Files (x86)\Microchip\xc8\v1.35\sources\common\strspn.c
		_strspn        		CODE           	0D0E	0000	127

C:\Program Files (x86)\Microchip\xc8\v1.35\sources\common\strspn.c estimated size: 127

shared
		__initialization		CODE           	0E76	0000	71

shared estimated size: 71

C:\Program Files (x86)\Microchip\xc8\v1.35\sources\common\strncmp.c
		_strncmp       		CODE           	0A1C	0000	199

C:\Program Files (x86)\Microchip\xc8\v1.35\sources\common\strncmp.c estimated size: 199

circBuf.c
		_circBufPop    		CODE           	0948	0000	213
		_circBufPush   		CODE           	0C08	0000	135

circBuf.c estimated size: 348

C:\Program Files (x86)\Microchip\xc8\v1.35\sources\common\strstr.c
		_strstr        		CODE           	0AE2	0000	157

C:\Program Files (x86)\Microchip\xc8\v1.35\sources\common\strstr.c estimated size: 157

C:\Program Files (x86)\Microchip\xc8\v1.35\sources\common\Umul16.c
		___wmul        		CODE           	1012	0000	39

C:\Program Files (x86)\Microchip\xc8\v1.35\sources\common\Umul16.c estimated size: 39

main.c
		_ISR           		CODE           	0008	0000	153
		_main          		CODE           	10FE	0000	23
		_setup         		CODE           	10CE	0000	25
		_msdelay       		CODE           	105A	0000	33

main.c estimated size: 234

