Archive member included because of file (symbol)

c:/program files (x86)/gnu tools arm embedded/4.9 2015q3/bin/../lib/gcc/arm-none-eabi/4.9.3/../../../../arm-none-eabi/lib/armv7e-m\libg.a(lib_a-atoi.o)
                              ..\obj\esp8266.o (atoi)
c:/program files (x86)/gnu tools arm embedded/4.9 2015q3/bin/../lib/gcc/arm-none-eabi/4.9.3/../../../../arm-none-eabi/lib/armv7e-m\libg.a(lib_a-itoa.o)
                              ..\obj\esp8266.o (itoa)
c:/program files (x86)/gnu tools arm embedded/4.9 2015q3/bin/../lib/gcc/arm-none-eabi/4.9.3/../../../../arm-none-eabi/lib/armv7e-m\libg.a(lib_a-strcat.o)
                              ..\obj\esp8266.o (strcat)
c:/program files (x86)/gnu tools arm embedded/4.9 2015q3/bin/../lib/gcc/arm-none-eabi/4.9.3/../../../../arm-none-eabi/lib/armv7e-m\libg.a(lib_a-strcmp.o)
                              ..\obj\esp8266.o (strcmp)
c:/program files (x86)/gnu tools arm embedded/4.9 2015q3/bin/../lib/gcc/arm-none-eabi/4.9.3/../../../../arm-none-eabi/lib/armv7e-m\libg.a(lib_a-strcpy.o)
                              ..\obj\esp8266.o (strcpy)
c:/program files (x86)/gnu tools arm embedded/4.9 2015q3/bin/../lib/gcc/arm-none-eabi/4.9.3/../../../../arm-none-eabi/lib/armv7e-m\libg.a(lib_a-strlen.o)
                              ..\obj\esp8266.o (strlen)
c:/program files (x86)/gnu tools arm embedded/4.9 2015q3/bin/../lib/gcc/arm-none-eabi/4.9.3/../../../../arm-none-eabi/lib/armv7e-m\libg.a(lib_a-strstr.o)
                              ..\obj\esp8266.o (strstr)
c:/program files (x86)/gnu tools arm embedded/4.9 2015q3/bin/../lib/gcc/arm-none-eabi/4.9.3/../../../../arm-none-eabi/lib/armv7e-m\libg.a(lib_a-strtok.o)
                              ..\obj\esp8266.o (strtok)
c:/program files (x86)/gnu tools arm embedded/4.9 2015q3/bin/../lib/gcc/arm-none-eabi/4.9.3/../../../../arm-none-eabi/lib/armv7e-m\libg.a(lib_a-strtok_r.o)
                              c:/program files (x86)/gnu tools arm embedded/4.9 2015q3/bin/../lib/gcc/arm-none-eabi/4.9.3/../../../../arm-none-eabi/lib/armv7e-m\libg.a(lib_a-strtok.o) (__strtok_r)
c:/program files (x86)/gnu tools arm embedded/4.9 2015q3/bin/../lib/gcc/arm-none-eabi/4.9.3/../../../../arm-none-eabi/lib/armv7e-m\libg.a(lib_a-strtol.o)
                              c:/program files (x86)/gnu tools arm embedded/4.9 2015q3/bin/../lib/gcc/arm-none-eabi/4.9.3/../../../../arm-none-eabi/lib/armv7e-m\libg.a(lib_a-atoi.o) (_strtol_r)
c:/program files (x86)/gnu tools arm embedded/4.9 2015q3/bin/../lib/gcc/arm-none-eabi/4.9.3/../../../../arm-none-eabi/lib/armv7e-m\libg.a(lib_a-utoa.o)
                              c:/program files (x86)/gnu tools arm embedded/4.9 2015q3/bin/../lib/gcc/arm-none-eabi/4.9.3/../../../../arm-none-eabi/lib/armv7e-m\libg.a(lib_a-itoa.o) (__utoa)
c:/program files (x86)/gnu tools arm embedded/4.9 2015q3/bin/../lib/gcc/arm-none-eabi/4.9.3/../../../../arm-none-eabi/lib/armv7e-m\libg.a(lib_a-ctype_.o)
                              c:/program files (x86)/gnu tools arm embedded/4.9 2015q3/bin/../lib/gcc/arm-none-eabi/4.9.3/../../../../arm-none-eabi/lib/armv7e-m\libg.a(lib_a-strtol.o) (__ctype_ptr__)
c:/program files (x86)/gnu tools arm embedded/4.9 2015q3/bin/../lib/gcc/arm-none-eabi/4.9.3/../../../../arm-none-eabi/lib/armv7e-m\libg.a(lib_a-memchr.o)
                              c:/program files (x86)/gnu tools arm embedded/4.9 2015q3/bin/../lib/gcc/arm-none-eabi/4.9.3/../../../../arm-none-eabi/lib/armv7e-m\libg.a(lib_a-strstr.o) (memchr)
c:/program files (x86)/gnu tools arm embedded/4.9 2015q3/bin/../lib/gcc/arm-none-eabi/4.9.3/../../../../arm-none-eabi/lib/armv7e-m\libg.a(lib_a-memcmp.o)
                              c:/program files (x86)/gnu tools arm embedded/4.9 2015q3/bin/../lib/gcc/arm-none-eabi/4.9.3/../../../../arm-none-eabi/lib/armv7e-m\libg.a(lib_a-strstr.o) (memcmp)
c:/program files (x86)/gnu tools arm embedded/4.9 2015q3/bin/../lib/gcc/arm-none-eabi/4.9.3/../../../../arm-none-eabi/lib/armv7e-m\libg.a(lib_a-strchr.o)
                              c:/program files (x86)/gnu tools arm embedded/4.9 2015q3/bin/../lib/gcc/arm-none-eabi/4.9.3/../../../../arm-none-eabi/lib/armv7e-m\libg.a(lib_a-strstr.o) (strchr)

Allocating common symbols
Common symbol       size              file

GPIOC_InitStruct    0x8               ..\obj\main.o
GPIOB_InitStruct    0x8               ..\obj\main.o
USART_InitStructure
                    0x10              ..\obj\main.o
receiveBufferTail   0x2               ..\obj\esp8266.o
DMA_InitStructure   0x3c              ..\obj\main.o
receiveBuffer       0x800             ..\obj\esp8266.o

Discarded input sections

 .text          0x00000000        0x0 ..\obj\semihosting.o
 .data          0x00000000        0x0 ..\obj\semihosting.o
 .text.SH_SendString
                0x00000000       0x24 ..\obj\semihosting.o
 .text.SH_GetChar
                0x00000000       0x40 ..\obj\semihosting.o
 .text          0x00000000        0x0 ..\obj\stm32f4xx_usart.o
 .data          0x00000000        0x0 ..\obj\stm32f4xx_usart.o
 .bss           0x00000000        0x0 ..\obj\stm32f4xx_usart.o
 .text.USART_DeInit
                0x00000000       0xd0 ..\obj\stm32f4xx_usart.o
 .text.USART_StructInit
                0x00000000       0x38 ..\obj\stm32f4xx_usart.o
 .text.USART_ClockInit
                0x00000000       0x54 ..\obj\stm32f4xx_usart.o
 .text.USART_ClockStructInit
                0x00000000       0x2c ..\obj\stm32f4xx_usart.o
 .text.USART_SetPrescaler
                0x00000000       0x38 ..\obj\stm32f4xx_usart.o
 .text.USART_OverSampling8Cmd
                0x00000000       0x44 ..\obj\stm32f4xx_usart.o
 .text.USART_OneBitMethodCmd
                0x00000000       0x40 ..\obj\stm32f4xx_usart.o
 .text.USART_ReceiveData
                0x00000000       0x20 ..\obj\stm32f4xx_usart.o
 .text.USART_SetAddress
                0x00000000       0x38 ..\obj\stm32f4xx_usart.o
 .text.USART_ReceiverWakeUpCmd
                0x00000000       0x40 ..\obj\stm32f4xx_usart.o
 .text.USART_WakeUpConfig
                0x00000000       0x38 ..\obj\stm32f4xx_usart.o
 .text.USART_LINBreakDetectLengthConfig
                0x00000000       0x38 ..\obj\stm32f4xx_usart.o
 .text.USART_LINCmd
                0x00000000       0x40 ..\obj\stm32f4xx_usart.o
 .text.USART_SendBreak
                0x00000000       0x24 ..\obj\stm32f4xx_usart.o
 .text.USART_HalfDuplexCmd
                0x00000000       0x40 ..\obj\stm32f4xx_usart.o
 .text.USART_SetGuardTime
                0x00000000       0x3c ..\obj\stm32f4xx_usart.o
 .text.USART_SmartCardCmd
                0x00000000       0x40 ..\obj\stm32f4xx_usart.o
 .text.USART_SmartCardNACKCmd
                0x00000000       0x40 ..\obj\stm32f4xx_usart.o
 .text.USART_IrDAConfig
                0x00000000       0x38 ..\obj\stm32f4xx_usart.o
 .text.USART_IrDACmd
                0x00000000       0x40 ..\obj\stm32f4xx_usart.o
 .text.USART_ITConfig
                0x00000000       0x90 ..\obj\stm32f4xx_usart.o
 .text.USART_ClearFlag
                0x00000000       0x20 ..\obj\stm32f4xx_usart.o
 .text.USART_GetITStatus
                0x00000000       0xb8 ..\obj\stm32f4xx_usart.o
 .text.USART_ClearITPendingBit
                0x00000000       0x38 ..\obj\stm32f4xx_usart.o
 .text          0x00000000        0x0 ..\obj\startup_stm32f4xx.o
 .data          0x00000000        0x0 ..\obj\startup_stm32f4xx.o
 .bss           0x00000000        0x0 ..\obj\startup_stm32f4xx.o
 .text          0x00000000        0x0 ..\obj\main.o
 .data          0x00000000        0x0 ..\obj\main.o
 .text          0x00000000        0x0 ..\obj\stm32f4xx_rcc.o
 .bss           0x00000000        0x0 ..\obj\stm32f4xx_rcc.o
 .text.RCC_DeInit
                0x00000000       0x50 ..\obj\stm32f4xx_rcc.o
 .text.RCC_HSEConfig
                0x00000000       0x24 ..\obj\stm32f4xx_rcc.o
 .text.RCC_WaitForHSEStartUp
                0x00000000       0x50 ..\obj\stm32f4xx_rcc.o
 .text.RCC_AdjustHSICalibrationValue
                0x00000000       0x3c ..\obj\stm32f4xx_rcc.o
 .text.RCC_HSICmd
                0x00000000       0x20 ..\obj\stm32f4xx_rcc.o
 .text.RCC_LSEConfig
                0x00000000       0x40 ..\obj\stm32f4xx_rcc.o
 .text.RCC_LSICmd
                0x00000000       0x20 ..\obj\stm32f4xx_rcc.o
 .text.RCC_PLLConfig
                0x00000000       0x3c ..\obj\stm32f4xx_rcc.o
 .text.RCC_PLLCmd
                0x00000000       0x20 ..\obj\stm32f4xx_rcc.o
 .text.RCC_PLLI2SConfig
                0x00000000       0x28 ..\obj\stm32f4xx_rcc.o
 .text.RCC_PLLI2SCmd
                0x00000000       0x20 ..\obj\stm32f4xx_rcc.o
 .text.RCC_ClockSecuritySystemCmd
                0x00000000       0x20 ..\obj\stm32f4xx_rcc.o
 .text.RCC_MCO1Config
                0x00000000       0x3c ..\obj\stm32f4xx_rcc.o
 .text.RCC_MCO2Config
                0x00000000       0x3c ..\obj\stm32f4xx_rcc.o
 .text.RCC_SYSCLKConfig
                0x00000000       0x38 ..\obj\stm32f4xx_rcc.o
 .text.RCC_GetSYSCLKSource
                0x00000000       0x20 ..\obj\stm32f4xx_rcc.o
 .text.RCC_HCLKConfig
                0x00000000       0x38 ..\obj\stm32f4xx_rcc.o
 .text.RCC_PCLK1Config
                0x00000000       0x38 ..\obj\stm32f4xx_rcc.o
 .text.RCC_PCLK2Config
                0x00000000       0x38 ..\obj\stm32f4xx_rcc.o
 .text.RCC_RTCCLKConfig
                0x00000000       0x5c ..\obj\stm32f4xx_rcc.o
 .text.RCC_RTCCLKCmd
                0x00000000       0x20 ..\obj\stm32f4xx_rcc.o
 .text.RCC_BackupResetCmd
                0x00000000       0x20 ..\obj\stm32f4xx_rcc.o
 .text.RCC_I2SCLKConfig
                0x00000000       0x1c ..\obj\stm32f4xx_rcc.o
 .text.RCC_AHB2PeriphClockCmd
                0x00000000       0x3c ..\obj\stm32f4xx_rcc.o
 .text.RCC_AHB3PeriphClockCmd
                0x00000000       0x3c ..\obj\stm32f4xx_rcc.o
 .text.RCC_APB1PeriphClockCmd
                0x00000000       0x3c ..\obj\stm32f4xx_rcc.o
 .text.RCC_AHB1PeriphResetCmd
                0x00000000       0x3c ..\obj\stm32f4xx_rcc.o
 .text.RCC_AHB2PeriphResetCmd
                0x00000000       0x3c ..\obj\stm32f4xx_rcc.o
 .text.RCC_AHB3PeriphResetCmd
                0x00000000       0x3c ..\obj\stm32f4xx_rcc.o
 .text.RCC_APB1PeriphResetCmd
                0x00000000       0x3c ..\obj\stm32f4xx_rcc.o
 .text.RCC_APB2PeriphResetCmd
                0x00000000       0x3c ..\obj\stm32f4xx_rcc.o
 .text.RCC_AHB1PeriphClockLPModeCmd
                0x00000000       0x3c ..\obj\stm32f4xx_rcc.o
 .text.RCC_AHB2PeriphClockLPModeCmd
                0x00000000       0x3c ..\obj\stm32f4xx_rcc.o
 .text.RCC_AHB3PeriphClockLPModeCmd
                0x00000000       0x3c ..\obj\stm32f4xx_rcc.o
 .text.RCC_APB1PeriphClockLPModeCmd
                0x00000000       0x3c ..\obj\stm32f4xx_rcc.o
 .text.RCC_APB2PeriphClockLPModeCmd
                0x00000000       0x3c ..\obj\stm32f4xx_rcc.o
 .text.RCC_ITConfig
                0x00000000       0x4c ..\obj\stm32f4xx_rcc.o
 .text.RCC_GetFlagStatus
                0x00000000       0x74 ..\obj\stm32f4xx_rcc.o
 .text.RCC_ClearFlag
                0x00000000       0x1c ..\obj\stm32f4xx_rcc.o
 .text.RCC_GetITStatus
                0x00000000       0x38 ..\obj\stm32f4xx_rcc.o
 .text.RCC_ClearITPendingBit
                0x00000000       0x20 ..\obj\stm32f4xx_rcc.o
 .text          0x00000000        0x0 ..\obj\printf.o
 .data          0x00000000      0x42c ..\obj\printf.o
 .bss           0x00000000        0x0 ..\obj\printf.o
 .text.PutChar  0x00000000       0x20 ..\obj\printf.o
 .text.PutString
                0x00000000       0x3c ..\obj\printf.o
 .text.PutUnsignedInt
                0x00000000       0xa0 ..\obj\printf.o
 .text.PutSignedInt
                0x00000000      0x104 ..\obj\printf.o
 .text.PutHexa  0x00000000       0xd8 ..\obj\printf.o
 .text.vsnprintf
                0x00000000      0x25c ..\obj\printf.o
 .text.snprintf
                0x00000000       0x30 ..\obj\printf.o
 .text.vsprintf
                0x00000000       0x24 ..\obj\printf.o
 .rodata        0x00000000       0x24 ..\obj\printf.o
 .text.vfprintf
                0x00000000       0x68 ..\obj\printf.o
 .text.vprintf  0x00000000       0x28 ..\obj\printf.o
 .text.fprintf  0x00000000       0x2c ..\obj\printf.o
 .text.printf   0x00000000       0x28 ..\obj\printf.o
 .text.sprintf  0x00000000       0x2c ..\obj\printf.o
 .text.puts     0x00000000       0x24 ..\obj\printf.o
 .text.fputc    0x00000000       0x40 ..\obj\printf.o
 .text.fputs    0x00000000       0x48 ..\obj\printf.o
 .text          0x00000000        0x0 ..\obj\stm32f4xx_gpio.o
 .data          0x00000000        0x0 ..\obj\stm32f4xx_gpio.o
 .bss           0x00000000        0x0 ..\obj\stm32f4xx_gpio.o
 .text.GPIO_DeInit
                0x00000000      0x120 ..\obj\stm32f4xx_gpio.o
 .text.GPIO_StructInit
                0x00000000       0x34 ..\obj\stm32f4xx_gpio.o
 .text.GPIO_PinLockConfig
                0x00000000       0x44 ..\obj\stm32f4xx_gpio.o
 .text.GPIO_ReadInputDataBit
                0x00000000       0x34 ..\obj\stm32f4xx_gpio.o
 .text.GPIO_ReadInputData
                0x00000000       0x1c ..\obj\stm32f4xx_gpio.o
 .text.GPIO_ReadOutputDataBit
                0x00000000       0x34 ..\obj\stm32f4xx_gpio.o
 .text.GPIO_ReadOutputData
                0x00000000       0x1c ..\obj\stm32f4xx_gpio.o
 .text.GPIO_SetBits
                0x00000000       0x1c ..\obj\stm32f4xx_gpio.o
 .text.GPIO_ResetBits
                0x00000000       0x1c ..\obj\stm32f4xx_gpio.o
 .text.GPIO_WriteBit
                0x00000000       0x30 ..\obj\stm32f4xx_gpio.o
 .text.GPIO_Write
                0x00000000       0x1c ..\obj\stm32f4xx_gpio.o
 .data          0x00000000        0x0 ..\obj\sh_cmd.o
 .bss           0x00000000        0x0 ..\obj\sh_cmd.o
 .text          0x00000000        0x0 ..\obj\system_stm32f4xx.o
 .data          0x00000000       0x14 ..\obj\system_stm32f4xx.o
 .bss           0x00000000        0x0 ..\obj\system_stm32f4xx.o
 .text.SystemCoreClockUpdate
                0x00000000       0xf8 ..\obj\system_stm32f4xx.o
 .text          0x00000000        0x0 ..\obj\syscalls.o
 .data          0x00000000        0x0 ..\obj\syscalls.o
 .bss           0x00000000        0x4 ..\obj\syscalls.o
 .text._sbrk    0x00000000       0x40 ..\obj\syscalls.o
 .text.link     0x00000000       0x1c ..\obj\syscalls.o
 .text._close   0x00000000       0x18 ..\obj\syscalls.o
 .text._fstat   0x00000000       0x20 ..\obj\syscalls.o
 .text._isatty  0x00000000       0x18 ..\obj\syscalls.o
 .text._lseek   0x00000000       0x1c ..\obj\syscalls.o
 .text._read    0x00000000       0x1c ..\obj\syscalls.o
 .text._write   0x00000000       0x1c ..\obj\syscalls.o
 .text.abort    0x00000000        0x8 ..\obj\syscalls.o
 .debug_info    0x00000000      0x3ee ..\obj\syscalls.o
 .debug_abbrev  0x00000000       0xe2 ..\obj\syscalls.o
 .debug_aranges
                0x00000000       0x60 ..\obj\syscalls.o
 .debug_ranges  0x00000000       0x50 ..\obj\syscalls.o
 .debug_line    0x00000000      0x16e ..\obj\syscalls.o
 .debug_str     0x00000000      0x2bf ..\obj\syscalls.o
 .comment       0x00000000       0x71 ..\obj\syscalls.o
 .debug_frame   0x00000000      0x168 ..\obj\syscalls.o
 .ARM.attributes
                0x00000000       0x33 ..\obj\syscalls.o
 .text          0x00000000        0x0 ..\obj\stm32f4xx_dma.o
 .data          0x00000000        0x0 ..\obj\stm32f4xx_dma.o
 .bss           0x00000000        0x0 ..\obj\stm32f4xx_dma.o
 .text.DMA_StructInit
                0x00000000       0x6c ..\obj\stm32f4xx_dma.o
 .text.DMA_PeriphIncOffsetSizeConfig
                0x00000000       0x34 ..\obj\stm32f4xx_dma.o
 .text.DMA_FlowControllerConfig
                0x00000000       0x34 ..\obj\stm32f4xx_dma.o
 .text.DMA_SetCurrDataCounter
                0x00000000       0x1c ..\obj\stm32f4xx_dma.o
 .text.DMA_DoubleBufferModeConfig
                0x00000000       0x3c ..\obj\stm32f4xx_dma.o
 .text.DMA_DoubleBufferModeCmd
                0x00000000       0x38 ..\obj\stm32f4xx_dma.o
 .text.DMA_MemoryTargetConfig
                0x00000000       0x2c ..\obj\stm32f4xx_dma.o
 .text.DMA_GetCurrentMemoryTarget
                0x00000000       0x30 ..\obj\stm32f4xx_dma.o
 .text.DMA_GetCmdStatus
                0x00000000       0x30 ..\obj\stm32f4xx_dma.o
 .text.DMA_GetFIFOStatus
                0x00000000       0x24 ..\obj\stm32f4xx_dma.o
 .text.DMA_GetFlagStatus
                0x00000000       0x78 ..\obj\stm32f4xx_dma.o
 .text.DMA_ClearFlag
                0x00000000       0x5c ..\obj\stm32f4xx_dma.o
 .text.DMA_ITConfig
                0x00000000       0x74 ..\obj\stm32f4xx_dma.o
 .text.DMA_GetITStatus
                0x00000000       0xb0 ..\obj\stm32f4xx_dma.o
 .text.DMA_ClearITPendingBit
                0x00000000       0x5c ..\obj\stm32f4xx_dma.o
 .text          0x00000000        0x0 ..\obj\esp8266.o
 .data          0x00000000        0x0 ..\obj\esp8266.o
 .text.esp8266_init
                0x00000000        0xc ..\obj\esp8266.o
 .text.esp8266_restart
                0x00000000       0x18 ..\obj\esp8266.o
 .text.esp8266_listAp
                0x00000000       0x38 ..\obj\esp8266.o
 .text.esp8266_quitAp
                0x00000000       0x18 ..\obj\esp8266.o
 .text.processAccessPointLine
                0x00000000       0xc4 ..\obj\esp8266.o
 .text          0x00000000        0x0 c:/program files (x86)/gnu tools arm embedded/4.9 2015q3/bin/../lib/gcc/arm-none-eabi/4.9.3/../../../../arm-none-eabi/lib/armv7e-m\libg.a(lib_a-atoi.o)
 .data          0x00000000        0x0 c:/program files (x86)/gnu tools arm embedded/4.9 2015q3/bin/../lib/gcc/arm-none-eabi/4.9.3/../../../../arm-none-eabi/lib/armv7e-m\libg.a(lib_a-atoi.o)
 .bss           0x00000000        0x0 c:/program files (x86)/gnu tools arm embedded/4.9 2015q3/bin/../lib/gcc/arm-none-eabi/4.9.3/../../../../arm-none-eabi/lib/armv7e-m\libg.a(lib_a-atoi.o)
 .text.atoi     0x00000000        0x8 c:/program files (x86)/gnu tools arm embedded/4.9 2015q3/bin/../lib/gcc/arm-none-eabi/4.9.3/../../../../arm-none-eabi/lib/armv7e-m\libg.a(lib_a-atoi.o)
 .text._atoi_r  0x00000000        0x8 c:/program files (x86)/gnu tools arm embedded/4.9 2015q3/bin/../lib/gcc/arm-none-eabi/4.9.3/../../../../arm-none-eabi/lib/armv7e-m\libg.a(lib_a-atoi.o)
 .debug_frame   0x00000000       0x30 c:/program files (x86)/gnu tools arm embedded/4.9 2015q3/bin/../lib/gcc/arm-none-eabi/4.9.3/../../../../arm-none-eabi/lib/armv7e-m\libg.a(lib_a-atoi.o)
 .ARM.attributes
                0x00000000       0x2e c:/program files (x86)/gnu tools arm embedded/4.9 2015q3/bin/../lib/gcc/arm-none-eabi/4.9.3/../../../../arm-none-eabi/lib/armv7e-m\libg.a(lib_a-atoi.o)
 .text          0x00000000        0x0 c:/program files (x86)/gnu tools arm embedded/4.9 2015q3/bin/../lib/gcc/arm-none-eabi/4.9.3/../../../../arm-none-eabi/lib/armv7e-m\libg.a(lib_a-itoa.o)
 .data          0x00000000        0x0 c:/program files (x86)/gnu tools arm embedded/4.9 2015q3/bin/../lib/gcc/arm-none-eabi/4.9.3/../../../../arm-none-eabi/lib/armv7e-m\libg.a(lib_a-itoa.o)
 .bss           0x00000000        0x0 c:/program files (x86)/gnu tools arm embedded/4.9 2015q3/bin/../lib/gcc/arm-none-eabi/4.9.3/../../../../arm-none-eabi/lib/armv7e-m\libg.a(lib_a-itoa.o)
 .text          0x00000000        0x0 c:/program files (x86)/gnu tools arm embedded/4.9 2015q3/bin/../lib/gcc/arm-none-eabi/4.9.3/../../../../arm-none-eabi/lib/armv7e-m\libg.a(lib_a-strcat.o)
 .data          0x00000000        0x0 c:/program files (x86)/gnu tools arm embedded/4.9 2015q3/bin/../lib/gcc/arm-none-eabi/4.9.3/../../../../arm-none-eabi/lib/armv7e-m\libg.a(lib_a-strcat.o)
 .bss           0x00000000        0x0 c:/program files (x86)/gnu tools arm embedded/4.9 2015q3/bin/../lib/gcc/arm-none-eabi/4.9.3/../../../../arm-none-eabi/lib/armv7e-m\libg.a(lib_a-strcat.o)
 .data          0x00000000        0x0 c:/program files (x86)/gnu tools arm embedded/4.9 2015q3/bin/../lib/gcc/arm-none-eabi/4.9.3/../../../../arm-none-eabi/lib/armv7e-m\libg.a(lib_a-strcmp.o)
 .bss           0x00000000        0x0 c:/program files (x86)/gnu tools arm embedded/4.9 2015q3/bin/../lib/gcc/arm-none-eabi/4.9.3/../../../../arm-none-eabi/lib/armv7e-m\libg.a(lib_a-strcmp.o)
 .eh_frame      0x00000000       0x70 c:/program files (x86)/gnu tools arm embedded/4.9 2015q3/bin/../lib/gcc/arm-none-eabi/4.9.3/../../../../arm-none-eabi/lib/armv7e-m\libg.a(lib_a-strcmp.o)
 .text          0x00000000        0x0 c:/program files (x86)/gnu tools arm embedded/4.9 2015q3/bin/../lib/gcc/arm-none-eabi/4.9.3/../../../../arm-none-eabi/lib/armv7e-m\libg.a(lib_a-strcpy.o)
 .data          0x00000000        0x0 c:/program files (x86)/gnu tools arm embedded/4.9 2015q3/bin/../lib/gcc/arm-none-eabi/4.9.3/../../../../arm-none-eabi/lib/armv7e-m\libg.a(lib_a-strcpy.o)
 .bss           0x00000000        0x0 c:/program files (x86)/gnu tools arm embedded/4.9 2015q3/bin/../lib/gcc/arm-none-eabi/4.9.3/../../../../arm-none-eabi/lib/armv7e-m\libg.a(lib_a-strcpy.o)
 .text          0x00000000        0x0 c:/program files (x86)/gnu tools arm embedded/4.9 2015q3/bin/../lib/gcc/arm-none-eabi/4.9.3/../../../../arm-none-eabi/lib/armv7e-m\libg.a(lib_a-strlen.o)
 .data          0x00000000        0x0 c:/program files (x86)/gnu tools arm embedded/4.9 2015q3/bin/../lib/gcc/arm-none-eabi/4.9.3/../../../../arm-none-eabi/lib/armv7e-m\libg.a(lib_a-strlen.o)
 .bss           0x00000000        0x0 c:/program files (x86)/gnu tools arm embedded/4.9 2015q3/bin/../lib/gcc/arm-none-eabi/4.9.3/../../../../arm-none-eabi/lib/armv7e-m\libg.a(lib_a-strlen.o)
 .text          0x00000000        0x0 c:/program files (x86)/gnu tools arm embedded/4.9 2015q3/bin/../lib/gcc/arm-none-eabi/4.9.3/../../../../arm-none-eabi/lib/armv7e-m\libg.a(lib_a-strstr.o)
 .data          0x00000000        0x0 c:/program files (x86)/gnu tools arm embedded/4.9 2015q3/bin/../lib/gcc/arm-none-eabi/4.9.3/../../../../arm-none-eabi/lib/armv7e-m\libg.a(lib_a-strstr.o)
 .bss           0x00000000        0x0 c:/program files (x86)/gnu tools arm embedded/4.9 2015q3/bin/../lib/gcc/arm-none-eabi/4.9.3/../../../../arm-none-eabi/lib/armv7e-m\libg.a(lib_a-strstr.o)
 .text.critical_factorization
                0x00000000       0xb8 c:/program files (x86)/gnu tools arm embedded/4.9 2015q3/bin/../lib/gcc/arm-none-eabi/4.9.3/../../../../arm-none-eabi/lib/armv7e-m\libg.a(lib_a-strstr.o)
 .text.two_way_long_needle
                0x00000000      0x1f8 c:/program files (x86)/gnu tools arm embedded/4.9 2015q3/bin/../lib/gcc/arm-none-eabi/4.9.3/../../../../arm-none-eabi/lib/armv7e-m\libg.a(lib_a-strstr.o)
 .text.strstr   0x00000000      0x220 c:/program files (x86)/gnu tools arm embedded/4.9 2015q3/bin/../lib/gcc/arm-none-eabi/4.9.3/../../../../arm-none-eabi/lib/armv7e-m\libg.a(lib_a-strstr.o)
 .debug_frame   0x00000000       0xd8 c:/program files (x86)/gnu tools arm embedded/4.9 2015q3/bin/../lib/gcc/arm-none-eabi/4.9.3/../../../../arm-none-eabi/lib/armv7e-m\libg.a(lib_a-strstr.o)
 .ARM.attributes
                0x00000000       0x2e c:/program files (x86)/gnu tools arm embedded/4.9 2015q3/bin/../lib/gcc/arm-none-eabi/4.9.3/../../../../arm-none-eabi/lib/armv7e-m\libg.a(lib_a-strstr.o)
 .text          0x00000000        0x0 c:/program files (x86)/gnu tools arm embedded/4.9 2015q3/bin/../lib/gcc/arm-none-eabi/4.9.3/../../../../arm-none-eabi/lib/armv7e-m\libg.a(lib_a-strtok.o)
 .data          0x00000000        0x0 c:/program files (x86)/gnu tools arm embedded/4.9 2015q3/bin/../lib/gcc/arm-none-eabi/4.9.3/../../../../arm-none-eabi/lib/armv7e-m\libg.a(lib_a-strtok.o)
 .bss           0x00000000        0x0 c:/program files (x86)/gnu tools arm embedded/4.9 2015q3/bin/../lib/gcc/arm-none-eabi/4.9.3/../../../../arm-none-eabi/lib/armv7e-m\libg.a(lib_a-strtok.o)
 .text.strtok   0x00000000       0x10 c:/program files (x86)/gnu tools arm embedded/4.9 2015q3/bin/../lib/gcc/arm-none-eabi/4.9.3/../../../../arm-none-eabi/lib/armv7e-m\libg.a(lib_a-strtok.o)
 .debug_frame   0x00000000       0x20 c:/program files (x86)/gnu tools arm embedded/4.9 2015q3/bin/../lib/gcc/arm-none-eabi/4.9.3/../../../../arm-none-eabi/lib/armv7e-m\libg.a(lib_a-strtok.o)
 .ARM.attributes
                0x00000000       0x2e c:/program files (x86)/gnu tools arm embedded/4.9 2015q3/bin/../lib/gcc/arm-none-eabi/4.9.3/../../../../arm-none-eabi/lib/armv7e-m\libg.a(lib_a-strtok.o)
 .text          0x00000000        0x0 c:/program files (x86)/gnu tools arm embedded/4.9 2015q3/bin/../lib/gcc/arm-none-eabi/4.9.3/../../../../arm-none-eabi/lib/armv7e-m\libg.a(lib_a-strtok_r.o)
 .data          0x00000000        0x0 c:/program files (x86)/gnu tools arm embedded/4.9 2015q3/bin/../lib/gcc/arm-none-eabi/4.9.3/../../../../arm-none-eabi/lib/armv7e-m\libg.a(lib_a-strtok_r.o)
 .bss           0x00000000        0x0 c:/program files (x86)/gnu tools arm embedded/4.9 2015q3/bin/../lib/gcc/arm-none-eabi/4.9.3/../../../../arm-none-eabi/lib/armv7e-m\libg.a(lib_a-strtok_r.o)
 .text.__strtok_r
                0x00000000       0x64 c:/program files (x86)/gnu tools arm embedded/4.9 2015q3/bin/../lib/gcc/arm-none-eabi/4.9.3/../../../../arm-none-eabi/lib/armv7e-m\libg.a(lib_a-strtok_r.o)
 .text.strtok_r
                0x00000000        0x8 c:/program files (x86)/gnu tools arm embedded/4.9 2015q3/bin/../lib/gcc/arm-none-eabi/4.9.3/../../../../arm-none-eabi/lib/armv7e-m\libg.a(lib_a-strtok_r.o)
 .debug_frame   0x00000000       0x48 c:/program files (x86)/gnu tools arm embedded/4.9 2015q3/bin/../lib/gcc/arm-none-eabi/4.9.3/../../../../arm-none-eabi/lib/armv7e-m\libg.a(lib_a-strtok_r.o)
 .ARM.attributes
                0x00000000       0x2e c:/program files (x86)/gnu tools arm embedded/4.9 2015q3/bin/../lib/gcc/arm-none-eabi/4.9.3/../../../../arm-none-eabi/lib/armv7e-m\libg.a(lib_a-strtok_r.o)
 .text          0x00000000        0x0 c:/program files (x86)/gnu tools arm embedded/4.9 2015q3/bin/../lib/gcc/arm-none-eabi/4.9.3/../../../../arm-none-eabi/lib/armv7e-m\libg.a(lib_a-strtol.o)
 .data          0x00000000        0x0 c:/program files (x86)/gnu tools arm embedded/4.9 2015q3/bin/../lib/gcc/arm-none-eabi/4.9.3/../../../../arm-none-eabi/lib/armv7e-m\libg.a(lib_a-strtol.o)
 .bss           0x00000000        0x0 c:/program files (x86)/gnu tools arm embedded/4.9 2015q3/bin/../lib/gcc/arm-none-eabi/4.9.3/../../../../arm-none-eabi/lib/armv7e-m\libg.a(lib_a-strtol.o)
 .text._strtol_r
                0x00000000      0x11c c:/program files (x86)/gnu tools arm embedded/4.9 2015q3/bin/../lib/gcc/arm-none-eabi/4.9.3/../../../../arm-none-eabi/lib/armv7e-m\libg.a(lib_a-strtol.o)
 .text.strtol   0x00000000       0x18 c:/program files (x86)/gnu tools arm embedded/4.9 2015q3/bin/../lib/gcc/arm-none-eabi/4.9.3/../../../../arm-none-eabi/lib/armv7e-m\libg.a(lib_a-strtol.o)
 .debug_frame   0x00000000       0x54 c:/program files (x86)/gnu tools arm embedded/4.9 2015q3/bin/../lib/gcc/arm-none-eabi/4.9.3/../../../../arm-none-eabi/lib/armv7e-m\libg.a(lib_a-strtol.o)
 .ARM.attributes
                0x00000000       0x2e c:/program files (x86)/gnu tools arm embedded/4.9 2015q3/bin/../lib/gcc/arm-none-eabi/4.9.3/../../../../arm-none-eabi/lib/armv7e-m\libg.a(lib_a-strtol.o)
 .text          0x00000000        0x0 c:/program files (x86)/gnu tools arm embedded/4.9 2015q3/bin/../lib/gcc/arm-none-eabi/4.9.3/../../../../arm-none-eabi/lib/armv7e-m\libg.a(lib_a-utoa.o)
 .data          0x00000000        0x0 c:/program files (x86)/gnu tools arm embedded/4.9 2015q3/bin/../lib/gcc/arm-none-eabi/4.9.3/../../../../arm-none-eabi/lib/armv7e-m\libg.a(lib_a-utoa.o)
 .bss           0x00000000        0x0 c:/program files (x86)/gnu tools arm embedded/4.9 2015q3/bin/../lib/gcc/arm-none-eabi/4.9.3/../../../../arm-none-eabi/lib/armv7e-m\libg.a(lib_a-utoa.o)
 .text.utoa     0x00000000        0x4 c:/program files (x86)/gnu tools arm embedded/4.9 2015q3/bin/../lib/gcc/arm-none-eabi/4.9.3/../../../../arm-none-eabi/lib/armv7e-m\libg.a(lib_a-utoa.o)
 .text          0x00000000        0x0 c:/program files (x86)/gnu tools arm embedded/4.9 2015q3/bin/../lib/gcc/arm-none-eabi/4.9.3/../../../../arm-none-eabi/lib/armv7e-m\libg.a(lib_a-ctype_.o)
 .data          0x00000000        0x0 c:/program files (x86)/gnu tools arm embedded/4.9 2015q3/bin/../lib/gcc/arm-none-eabi/4.9.3/../../../../arm-none-eabi/lib/armv7e-m\libg.a(lib_a-ctype_.o)
 .bss           0x00000000        0x0 c:/program files (x86)/gnu tools arm embedded/4.9 2015q3/bin/../lib/gcc/arm-none-eabi/4.9.3/../../../../arm-none-eabi/lib/armv7e-m\libg.a(lib_a-ctype_.o)
 .data.__ctype_ptr__
                0x00000000        0x4 c:/program files (x86)/gnu tools arm embedded/4.9 2015q3/bin/../lib/gcc/arm-none-eabi/4.9.3/../../../../arm-none-eabi/lib/armv7e-m\libg.a(lib_a-ctype_.o)
 .rodata._ctype_
                0x00000000      0x101 c:/program files (x86)/gnu tools arm embedded/4.9 2015q3/bin/../lib/gcc/arm-none-eabi/4.9.3/../../../../arm-none-eabi/lib/armv7e-m\libg.a(lib_a-ctype_.o)
 .ARM.attributes
                0x00000000       0x2e c:/program files (x86)/gnu tools arm embedded/4.9 2015q3/bin/../lib/gcc/arm-none-eabi/4.9.3/../../../../arm-none-eabi/lib/armv7e-m\libg.a(lib_a-ctype_.o)
 .text          0x00000000        0x0 c:/program files (x86)/gnu tools arm embedded/4.9 2015q3/bin/../lib/gcc/arm-none-eabi/4.9.3/../../../../arm-none-eabi/lib/armv7e-m\libg.a(lib_a-memchr.o)
 .data          0x00000000        0x0 c:/program files (x86)/gnu tools arm embedded/4.9 2015q3/bin/../lib/gcc/arm-none-eabi/4.9.3/../../../../arm-none-eabi/lib/armv7e-m\libg.a(lib_a-memchr.o)
 .bss           0x00000000        0x0 c:/program files (x86)/gnu tools arm embedded/4.9 2015q3/bin/../lib/gcc/arm-none-eabi/4.9.3/../../../../arm-none-eabi/lib/armv7e-m\libg.a(lib_a-memchr.o)
 .text.memchr   0x00000000       0x94 c:/program files (x86)/gnu tools arm embedded/4.9 2015q3/bin/../lib/gcc/arm-none-eabi/4.9.3/../../../../arm-none-eabi/lib/armv7e-m\libg.a(lib_a-memchr.o)
 .debug_frame   0x00000000       0x3c c:/program files (x86)/gnu tools arm embedded/4.9 2015q3/bin/../lib/gcc/arm-none-eabi/4.9.3/../../../../arm-none-eabi/lib/armv7e-m\libg.a(lib_a-memchr.o)
 .ARM.attributes
                0x00000000       0x2e c:/program files (x86)/gnu tools arm embedded/4.9 2015q3/bin/../lib/gcc/arm-none-eabi/4.9.3/../../../../arm-none-eabi/lib/armv7e-m\libg.a(lib_a-memchr.o)
 .text          0x00000000        0x0 c:/program files (x86)/gnu tools arm embedded/4.9 2015q3/bin/../lib/gcc/arm-none-eabi/4.9.3/../../../../arm-none-eabi/lib/armv7e-m\libg.a(lib_a-memcmp.o)
 .data          0x00000000        0x0 c:/program files (x86)/gnu tools arm embedded/4.9 2015q3/bin/../lib/gcc/arm-none-eabi/4.9.3/../../../../arm-none-eabi/lib/armv7e-m\libg.a(lib_a-memcmp.o)
 .bss           0x00000000        0x0 c:/program files (x86)/gnu tools arm embedded/4.9 2015q3/bin/../lib/gcc/arm-none-eabi/4.9.3/../../../../arm-none-eabi/lib/armv7e-m\libg.a(lib_a-memcmp.o)
 .text.memcmp   0x00000000       0x64 c:/program files (x86)/gnu tools arm embedded/4.9 2015q3/bin/../lib/gcc/arm-none-eabi/4.9.3/../../../../arm-none-eabi/lib/armv7e-m\libg.a(lib_a-memcmp.o)
 .debug_frame   0x00000000       0x38 c:/program files (x86)/gnu tools arm embedded/4.9 2015q3/bin/../lib/gcc/arm-none-eabi/4.9.3/../../../../arm-none-eabi/lib/armv7e-m\libg.a(lib_a-memcmp.o)
 .ARM.attributes
                0x00000000       0x2e c:/program files (x86)/gnu tools arm embedded/4.9 2015q3/bin/../lib/gcc/arm-none-eabi/4.9.3/../../../../arm-none-eabi/lib/armv7e-m\libg.a(lib_a-memcmp.o)
 .text          0x00000000        0x0 c:/program files (x86)/gnu tools arm embedded/4.9 2015q3/bin/../lib/gcc/arm-none-eabi/4.9.3/../../../../arm-none-eabi/lib/armv7e-m\libg.a(lib_a-strchr.o)
 .data          0x00000000        0x0 c:/program files (x86)/gnu tools arm embedded/4.9 2015q3/bin/../lib/gcc/arm-none-eabi/4.9.3/../../../../arm-none-eabi/lib/armv7e-m\libg.a(lib_a-strchr.o)
 .bss           0x00000000        0x0 c:/program files (x86)/gnu tools arm embedded/4.9 2015q3/bin/../lib/gcc/arm-none-eabi/4.9.3/../../../../arm-none-eabi/lib/armv7e-m\libg.a(lib_a-strchr.o)
 .text.strchr   0x00000000       0xcc c:/program files (x86)/gnu tools arm embedded/4.9 2015q3/bin/../lib/gcc/arm-none-eabi/4.9.3/../../../../arm-none-eabi/lib/armv7e-m\libg.a(lib_a-strchr.o)
 .debug_frame   0x00000000       0x4c c:/program files (x86)/gnu tools arm embedded/4.9 2015q3/bin/../lib/gcc/arm-none-eabi/4.9.3/../../../../arm-none-eabi/lib/armv7e-m\libg.a(lib_a-strchr.o)
 .ARM.attributes
                0x00000000       0x2e c:/program files (x86)/gnu tools arm embedded/4.9 2015q3/bin/../lib/gcc/arm-none-eabi/4.9.3/../../../../arm-none-eabi/lib/armv7e-m\libg.a(lib_a-strchr.o)

Memory Configuration

Name             Origin             Length             Attributes
rom              0x08000000         0x00100000         xr
ram              0x20000000         0x00020000         xrw
ram1             0x10000000         0x00010000         xrw
*default*        0x00000000         0xffffffff

Linker script and memory map

                0x20020000                _eram = 0x20020000

.text           0x08000000     0x18d0
 *(.isr_vector)
 .isr_vector    0x08000000      0x188 ..\obj\startup_stm32f4xx.o
                0x08000000                g_pfnVectors
 *(.text*)
 .text.SH_SendChar
                0x08000188       0x68 ..\obj\semihosting.o
                0x08000188                SH_SendChar
 .text.USART_Init
                0x080001f0      0x178 ..\obj\stm32f4xx_usart.o
                0x080001f0                USART_Init
 .text.USART_Cmd
                0x08000368       0x40 ..\obj\stm32f4xx_usart.o
                0x08000368                USART_Cmd
 .text.USART_SendData
                0x080003a8       0x24 ..\obj\stm32f4xx_usart.o
                0x080003a8                USART_SendData
 .text.USART_DMACmd
                0x080003cc       0x48 ..\obj\stm32f4xx_usart.o
                0x080003cc                USART_DMACmd
 .text.USART_GetFlagStatus
                0x08000414       0x38 ..\obj\stm32f4xx_usart.o
                0x08000414                USART_GetFlagStatus
 .text.Default_Reset_Handler
                0x0800044c       0x5c ..\obj\startup_stm32f4xx.o
                0x0800044c                Default_Reset_Handler
                0x0800044c                Reset_Handler
 .text.Default_Handler
                0x080004a8        0x8 ..\obj\startup_stm32f4xx.o
                0x080004a8                RTC_Alarm_IRQHandler
                0x080004a8                HASH_RNG_IRQHandler
                0x080004a8                EXTI2_IRQHandler
                0x080004a8                TIM8_CC_IRQHandler
                0x080004a8                DebugMon_Handler
                0x080004a8                TIM1_CC_IRQHandler
                0x080004a8                DMA2_Stream5_IRQHandler
                0x080004a8                DMA1_Stream5_IRQHandler
                0x080004a8                SysTick_Handler
                0x080004a8                PVD_IRQHandler
                0x080004a8                SDIO_IRQHandler
                0x080004a8                TAMP_STAMP_IRQHandler
                0x080004a8                PendSV_Handler
                0x080004a8                NMI_Handler
                0x080004a8                CAN2_RX1_IRQHandler
                0x080004a8                EXTI3_IRQHandler
                0x080004a8                TIM8_TRG_COM_TIM14_IRQHandler
                0x080004a8                TIM1_UP_TIM10_IRQHandler
                0x080004a8                TIM8_UP_TIM13_IRQHandler
                0x080004a8                I2C3_ER_IRQHandler
                0x080004a8                EXTI0_IRQHandler
                0x080004a8                I2C2_EV_IRQHandler
                0x080004a8                DMA1_Stream2_IRQHandler
                0x080004a8                CAN1_RX0_IRQHandler
                0x080004a8                FPU_IRQHandler
                0x080004a8                OTG_HS_WKUP_IRQHandler
                0x080004a8                UsageFault_Handler
                0x080004a8                CAN2_SCE_IRQHandler
                0x080004a8                DMA2_Stream2_IRQHandler
                0x080004a8                SPI1_IRQHandler
                0x080004a8                TIM6_DAC_IRQHandler
                0x080004a8                TIM1_BRK_TIM9_IRQHandler
                0x080004a8                DCMI_IRQHandler
                0x080004a8                CAN2_RX0_IRQHandler
                0x080004a8                DMA2_Stream3_IRQHandler
                0x080004a8                USART6_IRQHandler
                0x080004a8                USART3_IRQHandler
                0x080004a8                CRYP_IRQHandler
                0x080004a8                CAN1_RX1_IRQHandler
                0x080004a8                UART5_IRQHandler
                0x080004a8                DMA2_Stream0_IRQHandler
                0x080004a8                TIM4_IRQHandler
                0x080004a8                I2C1_EV_IRQHandler
                0x080004a8                DMA1_Stream6_IRQHandler
                0x080004a8                DMA1_Stream1_IRQHandler
                0x080004a8                UART4_IRQHandler
                0x080004a8                TIM3_IRQHandler
                0x080004a8                RCC_IRQHandler
                0x080004a8                TIM8_BRK_TIM12_IRQHandler
                0x080004a8                EXTI15_10_IRQHandler
                0x080004a8                ADC_IRQHandler
                0x080004a8                DMA1_Stream7_IRQHandler
                0x080004a8                TIM7_IRQHandler
                0x080004a8                CAN2_TX_IRQHandler
                0x080004a8                TIM5_IRQHandler
                0x080004a8                DMA2_Stream7_IRQHandler
                0x080004a8                I2C3_EV_IRQHandler
                0x080004a8                EXTI9_5_IRQHandler
                0x080004a8                RTC_WKUP_IRQHandler
                0x080004a8                ETH_WKUP_IRQHandler
                0x080004a8                SPI2_IRQHandler
                0x080004a8                OTG_HS_EP1_IN_IRQHandler
                0x080004a8                MemManage_Handler
                0x080004a8                DMA1_Stream0_IRQHandler
                0x080004a8                CAN1_TX_IRQHandler
                0x080004a8                SVC_Handler
                0x080004a8                EXTI4_IRQHandler
                0x080004a8                FSMC_IRQHandler
                0x080004a8                ETH_IRQHandler
                0x080004a8                OTG_HS_EP1_OUT_IRQHandler
                0x080004a8                WWDG_IRQHandler
                0x080004a8                TIM2_IRQHandler
                0x080004a8                OTG_FS_WKUP_IRQHandler
                0x080004a8                TIM1_TRG_COM_TIM11_IRQHandler
                0x080004a8                OTG_HS_IRQHandler
                0x080004a8                EXTI1_IRQHandler
                0x080004a8                USART2_IRQHandler
                0x080004a8                I2C2_ER_IRQHandler
                0x080004a8                DMA2_Stream1_IRQHandler
                0x080004a8                CAN1_SCE_IRQHandler
                0x080004a8                FLASH_IRQHandler
                0x080004a8                DMA2_Stream4_IRQHandler
                0x080004a8                BusFault_Handler
                0x080004a8                USART1_IRQHandler
                0x080004a8                OTG_FS_IRQHandler
                0x080004a8                SPI3_IRQHandler
                0x080004a8                DMA1_Stream4_IRQHandler
                0x080004a8                I2C1_ER_IRQHandler
                0x080004a8                DMA2_Stream6_IRQHandler
                0x080004a8                DMA1_Stream3_IRQHandler
 .text.main     0x080004b0       0x90 ..\obj\main.o
                0x080004b0                main
 .text.GPIOInitialize
                0x08000540       0x88 ..\obj\main.o
                0x08000540                GPIOInitialize
 .text.UART_Initialize
                0x080005c8       0x4c ..\obj\main.o
                0x080005c8                UART_Initialize
 .text.DMA_Initialize
                0x08000614       0xa4 ..\obj\main.o
                0x08000614                DMA_Initialize
 .text.RCC_GetClocksFreq
                0x080006b8      0x154 ..\obj\stm32f4xx_rcc.o
                0x080006b8                RCC_GetClocksFreq
 .text.RCC_AHB1PeriphClockCmd
                0x0800080c       0x3c ..\obj\stm32f4xx_rcc.o
                0x0800080c                RCC_AHB1PeriphClockCmd
 .text.RCC_APB2PeriphClockCmd
                0x08000848       0x3c ..\obj\stm32f4xx_rcc.o
                0x08000848                RCC_APB2PeriphClockCmd
 .text.PrintChar
                0x08000884       0x18 ..\obj\printf.o
                0x08000884                PrintChar
 .text.GPIO_Init
                0x0800089c      0x11c ..\obj\stm32f4xx_gpio.o
                0x0800089c                GPIO_Init
 .text.GPIO_ToggleBits
                0x080009b8       0x24 ..\obj\stm32f4xx_gpio.o
                0x080009b8                GPIO_ToggleBits
 .text.GPIO_PinAFConfig
                0x080009dc       0x90 ..\obj\stm32f4xx_gpio.o
                0x080009dc                GPIO_PinAFConfig
 .text          0x08000a6c       0x28 ..\obj\sh_cmd.o
                0x08000a6c                SH_DoCommand
                0x08000a7e                HardFault_Handler
 .text.SystemInit
                0x08000a94       0x58 ..\obj\system_stm32f4xx.o
                0x08000a94                SystemInit
 .text.SetSysClock
                0x08000aec       0xf4 ..\obj\system_stm32f4xx.o
 .text.DMA_DeInit
                0x08000be0      0x1a4 ..\obj\stm32f4xx_dma.o
                0x08000be0                DMA_DeInit
 .text.DMA_Init
                0x08000d84       0xac ..\obj\stm32f4xx_dma.o
                0x08000d84                DMA_Init
 .text.DMA_Cmd  0x08000e30       0x38 ..\obj\stm32f4xx_dma.o
                0x08000e30                DMA_Cmd
 .text.DMA_GetCurrDataCounter
                0x08000e68       0x1c ..\obj\stm32f4xx_dma.o
                0x08000e68                DMA_GetCurrDataCounter
 .text.esp8266_isOnline
                0x08000e84       0x18 ..\obj\esp8266.o
                0x08000e84                esp8266_isOnline
 .text.esp8266_joinAp
                0x08000e9c       0x78 ..\obj\esp8266.o
                0x08000e9c                esp8266_joinAp
 .text.esp8266_setMultipleConnectionMode
                0x08000f14       0x74 ..\obj\esp8266.o
                0x08000f14                esp8266_setMultipleConnectionMode
 .text.esp8266_openConnection
                0x08000f88       0x60 ..\obj\esp8266.o
                0x08000f88                esp8266_openConnection
 .text.esp8266_sendData
                0x08000fe8       0x68 ..\obj\esp8266.o
                0x08000fe8                esp8266_sendData
 .text.esp8266_readData
                0x08001050       0x84 ..\obj\esp8266.o
                0x08001050                esp8266_readData
 .text.performCommand
                0x080010d4       0x9c ..\obj\esp8266.o
 .text.writeLine
                0x08001170       0x34 ..\obj\esp8266.o
 .text.readLine
                0x080011a4       0x64 ..\obj\esp8266.o
 .text.putch    0x08001208       0x38 ..\obj\esp8266.o
 .text.getch    0x08001240       0x74 ..\obj\esp8266.o
 .text.__itoa   0x080012b4       0x30 c:/program files (x86)/gnu tools arm embedded/4.9 2015q3/bin/../lib/gcc/arm-none-eabi/4.9.3/../../../../arm-none-eabi/lib/armv7e-m\libg.a(lib_a-itoa.o)
                0x080012b4                __itoa
 .text.itoa     0x080012e4        0x4 c:/program files (x86)/gnu tools arm embedded/4.9 2015q3/bin/../lib/gcc/arm-none-eabi/4.9.3/../../../../arm-none-eabi/lib/armv7e-m\libg.a(lib_a-itoa.o)
                0x080012e4                itoa
 .text.strcat   0x080012e8       0x40 c:/program files (x86)/gnu tools arm embedded/4.9 2015q3/bin/../lib/gcc/arm-none-eabi/4.9.3/../../../../arm-none-eabi/lib/armv7e-m\libg.a(lib_a-strcat.o)
                0x080012e8                strcat
 *fill*         0x08001328       0x18 
 .text          0x08001340      0x2dc c:/program files (x86)/gnu tools arm embedded/4.9 2015q3/bin/../lib/gcc/arm-none-eabi/4.9.3/../../../../arm-none-eabi/lib/armv7e-m\libg.a(lib_a-strcmp.o)
                0x08001348                strcmp
 .text.strcpy   0x0800161c       0xbc c:/program files (x86)/gnu tools arm embedded/4.9 2015q3/bin/../lib/gcc/arm-none-eabi/4.9.3/../../../../arm-none-eabi/lib/armv7e-m\libg.a(lib_a-strcpy.o)
                0x0800161c                strcpy
 .text.strlen   0x080016d8       0x5c c:/program files (x86)/gnu tools arm embedded/4.9 2015q3/bin/../lib/gcc/arm-none-eabi/4.9.3/../../../../arm-none-eabi/lib/armv7e-m\libg.a(lib_a-strlen.o)
                0x080016d8                strlen
 .text.__utoa   0x08001734       0x80 c:/program files (x86)/gnu tools arm embedded/4.9 2015q3/bin/../lib/gcc/arm-none-eabi/4.9.3/../../../../arm-none-eabi/lib/armv7e-m\libg.a(lib_a-utoa.o)
                0x08001734                __utoa
 *(.init)
 *(.fini)
 *crtbegin.o(.ctors)
 *crtbegin?.o(.ctors)
 *(EXCLUDE_FILE(*crtend.o *crtend?.o) .ctors)
 *(SORT(.ctors.*))
 *(.ctors)
 *crtbegin.o(.dtors)
 *crtbegin?.o(.dtors)
 *(EXCLUDE_FILE(*crtend.o *crtend?.o) .dtors)
 *(SORT(.dtors.*))
 *(.dtors)
 *(.rodata*)
 .rodata        0x080017b4       0x54 ..\obj\main.o
 .rodata        0x08001808       0x9d ..\obj\esp8266.o
 *fill*         0x080018a5        0x3 
 .rodata.str1.4
                0x080018a8       0x28 c:/program files (x86)/gnu tools arm embedded/4.9 2015q3/bin/../lib/gcc/arm-none-eabi/4.9.3/../../../../arm-none-eabi/lib/armv7e-m\libg.a(lib_a-utoa.o)
                                 0x25 (size before relaxing)
 *(.eh_fram e*)

.glue_7         0x080018d0        0x0
 .glue_7        0x00000000        0x0 linker stubs

.glue_7t        0x080018d0        0x0
 .glue_7t       0x00000000        0x0 linker stubs

.vfp11_veneer   0x080018d0        0x0
 .vfp11_veneer  0x00000000        0x0 linker stubs

.v4_bx          0x080018d0        0x0
 .v4_bx         0x00000000        0x0 linker stubs

.iplt           0x080018d0        0x0
 .iplt          0x00000000        0x0 ..\obj\semihosting.o

.rel.dyn        0x080018d0        0x0
 .rel.iplt      0x00000000        0x0 ..\obj\semihosting.o

.ARM.extab
 *(.ARM.extab* .gnu.linkonce.armextab.*)
                0x080018d0                __exidx_start = .

.ARM.exidx
 *(.ARM.exidx* .gnu.linkonce.armexidx.*)
                0x080018d0                __exidx_end = .
                0x080018d0                __etext = .
                0x080018d0                _sidata = __etext

.data           0x20000000       0x10 load address 0x080018d0
                0x20000000                __data_start__ = .
                0x20000000                _sdata = __data_start__
 *(vtable)
 *(.data*)
 .data          0x20000000       0x10 ..\obj\stm32f4xx_rcc.o
                0x20000010                . = ALIGN (0x4)
                0x20000010                PROVIDE (__preinit_array_start, .)
 *(.preinit_array)
                0x20000010                PROVIDE (__preinit_array_end, .)
                0x20000010                . = ALIGN (0x4)
                0x20000010                PROVIDE (__init_array_start, .)
 *(SORT(.init_array.*))
 *(.init_array)
                0x20000010                PROVIDE (__init_array_end, .)
                0x20000010                . = ALIGN (0x4)
                0x20000010                PROVIDE (__fini_array_start, .)
 *(SORT(.fini_array.*))
 *(.fini_array)
                0x20000010                PROVIDE (__fini_array_end, .)
 *(.jcr*)
                0x20000010                . = ALIGN (0x4)
                0x20000010                __data_end__ = .
                0x20000010                _edata = __data_end__

.igot.plt       0x20000010        0x0 load address 0x080018e0
 .igot.plt      0x00000000        0x0 ..\obj\semihosting.o

.bss            0x20000010      0xb14 load address 0x080018e0
                0x20000010                . = ALIGN (0x4)
                0x20000010                __bss_start__ = .
                0x20000010                _sbss = __bss_start__
 *(.bss*)
 .bss           0x20000010       0x11 ..\obj\semihosting.o
 *fill*         0x20000021        0x3 
 .bss           0x20000024        0x4 ..\obj\main.o
 .bss           0x20000028      0x29c ..\obj\esp8266.o
 *(COMMON)
 COMMON         0x200002c4       0x5c ..\obj\main.o
                0x200002c4                GPIOC_InitStruct
                0x200002cc                GPIOB_InitStruct
                0x200002d4                USART_InitStructure
                0x200002e4                DMA_InitStructure
 COMMON         0x20000320      0x804 ..\obj\esp8266.o
                0x20000320                receiveBufferTail
                0x20000324                receiveBuffer
                0x20000b24                . = ALIGN (0x4)
                0x20000b24                __bss_end__ = .
                0x20000b24                _ebss = __bss_end__

.heap           0x20000b24        0x0
                0x20000b24                __end__ = .
                0x20000b24                _end = __end__
                0x20000b24                end = __end__
 *(.heap*)
                0x20000b24                __HeapLimit = .

.co_stack       0x20000b24      0x804 load address 0x080023f4
                0x20000b28                . = ALIGN (0x8)
 *fill*         0x20000b24        0x4 
 *(.co_stack .co_stack.*)
 .co_stack      0x20000b28      0x800 ..\obj\startup_stm32f4xx.o
                0x20000b28                pulStack
                0x20020000                __StackTop = (ORIGIN (ram) + 0x20000)
                0x2001f7fc                __StackLimit = (__StackTop - SIZEOF (.co_stack))
                0x20020000                PROVIDE (__stack, __StackTop)
                0x00000001                ASSERT ((__StackLimit >= __HeapLimit), region ram  overflowed with stack)
LOAD ..\obj\semihosting.o
LOAD ..\obj\stm32f4xx_usart.o
LOAD ..\obj\startup_stm32f4xx.o
LOAD ..\obj\main.o
LOAD ..\obj\stm32f4xx_rcc.o
LOAD ..\obj\printf.o
LOAD ..\obj\stm32f4xx_gpio.o
LOAD ..\obj\sh_cmd.o
LOAD ..\obj\system_stm32f4xx.o
LOAD ..\obj\syscalls.o
LOAD ..\obj\stm32f4xx_dma.o
LOAD ..\obj\esp8266.o
START GROUP
LOAD c:/program files (x86)/gnu tools arm embedded/4.9 2015q3/bin/../lib/gcc/arm-none-eabi/4.9.3/armv7e-m\libgcc.a
LOAD c:/program files (x86)/gnu tools arm embedded/4.9 2015q3/bin/../lib/gcc/arm-none-eabi/4.9.3/../../../../arm-none-eabi/lib/armv7e-m\libg.a
LOAD c:/program files (x86)/gnu tools arm embedded/4.9 2015q3/bin/../lib/gcc/arm-none-eabi/4.9.3/../../../../arm-none-eabi/lib/armv7e-m\libc.a
END GROUP
OUTPUT(WebRadio.elf elf32-littlearm)

.debug_info     0x00000000     0x45d9
 .debug_info    0x00000000      0x12b ..\obj\semihosting.o
 .debug_info    0x0000012b      0x9c2 ..\obj\stm32f4xx_usart.o
 .debug_info    0x00000aed       0xed ..\obj\startup_stm32f4xx.o
 .debug_info    0x00000bda      0x5d5 ..\obj\main.o
 .debug_info    0x000011af      0xc4d ..\obj\stm32f4xx_rcc.o
 .debug_info    0x00001dfc      0xe38 ..\obj\printf.o
 .debug_info    0x00002c34      0x602 ..\obj\stm32f4xx_gpio.o
 .debug_info    0x00003236       0x8c ..\obj\sh_cmd.o
 .debug_info    0x000032c2      0x592 ..\obj\system_stm32f4xx.o
 .debug_info    0x00003854      0x739 ..\obj\stm32f4xx_dma.o
 .debug_info    0x00003f8d      0x64c ..\obj\esp8266.o

.debug_abbrev   0x00000000      0xedf
 .debug_abbrev  0x00000000       0xab ..\obj\semihosting.o
 .debug_abbrev  0x000000ab      0x155 ..\obj\stm32f4xx_usart.o
 .debug_abbrev  0x00000200       0xb0 ..\obj\startup_stm32f4xx.o
 .debug_abbrev  0x000002b0      0x15c ..\obj\main.o
 .debug_abbrev  0x0000040c      0x1e3 ..\obj\stm32f4xx_rcc.o
 .debug_abbrev  0x000005ef      0x27e ..\obj\printf.o
 .debug_abbrev  0x0000086d      0x1a3 ..\obj\stm32f4xx_gpio.o
 .debug_abbrev  0x00000a10       0x14 ..\obj\sh_cmd.o
 .debug_abbrev  0x00000a24      0x136 ..\obj\system_stm32f4xx.o
 .debug_abbrev  0x00000b5a      0x155 ..\obj\stm32f4xx_dma.o
 .debug_abbrev  0x00000caf      0x230 ..\obj\esp8266.o

.debug_aranges  0x00000000      0x5c8
 .debug_aranges
                0x00000000       0x30 ..\obj\semihosting.o
 .debug_aranges
                0x00000030      0x100 ..\obj\stm32f4xx_usart.o
 .debug_aranges
                0x00000130       0x28 ..\obj\startup_stm32f4xx.o
 .debug_aranges
                0x00000158       0x38 ..\obj\main.o
 .debug_aranges
                0x00000190      0x178 ..\obj\stm32f4xx_rcc.o
 .debug_aranges
                0x00000308       0xa0 ..\obj\printf.o
 .debug_aranges
                0x000003a8       0x88 ..\obj\stm32f4xx_gpio.o
 .debug_aranges
                0x00000430       0x20 ..\obj\sh_cmd.o
 .debug_aranges
                0x00000450       0x30 ..\obj\system_stm32f4xx.o
 .debug_aranges
                0x00000480       0xb0 ..\obj\stm32f4xx_dma.o
 .debug_aranges
                0x00000530       0x98 ..\obj\esp8266.o

.debug_ranges   0x00000000      0x508
 .debug_ranges  0x00000000       0x20 ..\obj\semihosting.o
 .debug_ranges  0x00000020       0xf0 ..\obj\stm32f4xx_usart.o
 .debug_ranges  0x00000110       0x18 ..\obj\startup_stm32f4xx.o
 .debug_ranges  0x00000128       0x28 ..\obj\main.o
 .debug_ranges  0x00000150      0x168 ..\obj\stm32f4xx_rcc.o
 .debug_ranges  0x000002b8       0x90 ..\obj\printf.o
 .debug_ranges  0x00000348       0x78 ..\obj\stm32f4xx_gpio.o
 .debug_ranges  0x000003c0       0x20 ..\obj\system_stm32f4xx.o
 .debug_ranges  0x000003e0       0xa0 ..\obj\stm32f4xx_dma.o
 .debug_ranges  0x00000480       0x88 ..\obj\esp8266.o

.debug_line     0x00000000     0x1df7
 .debug_line    0x00000000       0xa6 ..\obj\semihosting.o
 .debug_line    0x000000a6      0x48e ..\obj\stm32f4xx_usart.o
 .debug_line    0x00000534       0x98 ..\obj\startup_stm32f4xx.o
 .debug_line    0x000005cc      0x2af ..\obj\main.o
 .debug_line    0x0000087b      0x58d ..\obj\stm32f4xx_rcc.o
 .debug_line    0x00000e08      0x36f ..\obj\printf.o
 .debug_line    0x00001177      0x32f ..\obj\stm32f4xx_gpio.o
 .debug_line    0x000014a6       0x78 ..\obj\sh_cmd.o
 .debug_line    0x0000151e      0x1ee ..\obj\system_stm32f4xx.o
 .debug_line    0x0000170c      0x3c8 ..\obj\stm32f4xx_dma.o
 .debug_line    0x00001ad4      0x323 ..\obj\esp8266.o

.debug_str      0x00000000     0x1c63
 .debug_str     0x00000000      0x147 ..\obj\semihosting.o
                                0x180 (size before relaxing)
 .debug_str     0x00000147      0x535 ..\obj\stm32f4xx_usart.o
                                0x685 (size before relaxing)
 .debug_str     0x0000067c       0xa6 ..\obj\startup_stm32f4xx.o
                                0x13d (size before relaxing)
 .debug_str     0x00000722      0x356 ..\obj\main.o
                                0x59d (size before relaxing)
 .debug_str     0x00000a78      0x5d9 ..\obj\stm32f4xx_rcc.o
                                0x846 (size before relaxing)
 .debug_str     0x00001051      0x4ef ..\obj\printf.o
                                0x64e (size before relaxing)
 .debug_str     0x00001540      0x199 ..\obj\stm32f4xx_gpio.o
                                0x499 (size before relaxing)
 .debug_str     0x000016d9      0x10e ..\obj\system_stm32f4xx.o
                                0x3a0 (size before relaxing)
 .debug_str     0x000017e7      0x264 ..\obj\stm32f4xx_dma.o
                                0x538 (size before relaxing)
 .debug_str     0x00001a4b      0x218 ..\obj\esp8266.o
                                0x410 (size before relaxing)

.comment        0x00000000       0x70
 .comment       0x00000000       0x70 ..\obj\semihosting.o
                                 0x71 (size before relaxing)
 .comment       0x00000000       0x71 ..\obj\stm32f4xx_usart.o
 .comment       0x00000000       0x71 ..\obj\startup_stm32f4xx.o
 .comment       0x00000000       0x71 ..\obj\main.o
 .comment       0x00000000       0x71 ..\obj\stm32f4xx_rcc.o
 .comment       0x00000000       0x71 ..\obj\printf.o
 .comment       0x00000000       0x71 ..\obj\stm32f4xx_gpio.o
 .comment       0x00000000       0x71 ..\obj\system_stm32f4xx.o
 .comment       0x00000000       0x71 ..\obj\stm32f4xx_dma.o
 .comment       0x00000000       0x71 ..\obj\esp8266.o

.ARM.attributes
                0x00000000       0x31
 .ARM.attributes
                0x00000000       0x33 ..\obj\semihosting.o
 .ARM.attributes
                0x00000033       0x33 ..\obj\stm32f4xx_usart.o
 .ARM.attributes
                0x00000066       0x33 ..\obj\startup_stm32f4xx.o
 .ARM.attributes
                0x00000099       0x33 ..\obj\main.o
 .ARM.attributes
                0x000000cc       0x33 ..\obj\stm32f4xx_rcc.o
 .ARM.attributes
                0x000000ff       0x33 ..\obj\printf.o
 .ARM.attributes
                0x00000132       0x33 ..\obj\stm32f4xx_gpio.o
 .ARM.attributes
                0x00000165       0x21 ..\obj\sh_cmd.o
 .ARM.attributes
                0x00000186       0x33 ..\obj\system_stm32f4xx.o
 .ARM.attributes
                0x000001b9       0x33 ..\obj\stm32f4xx_dma.o
 .ARM.attributes
                0x000001ec       0x33 ..\obj\esp8266.o
 .ARM.attributes
                0x0000021f       0x2e c:/program files (x86)/gnu tools arm embedded/4.9 2015q3/bin/../lib/gcc/arm-none-eabi/4.9.3/../../../../arm-none-eabi/lib/armv7e-m\libg.a(lib_a-itoa.o)
 .ARM.attributes
                0x0000024d       0x2e c:/program files (x86)/gnu tools arm embedded/4.9 2015q3/bin/../lib/gcc/arm-none-eabi/4.9.3/../../../../arm-none-eabi/lib/armv7e-m\libg.a(lib_a-strcat.o)
 .ARM.attributes
                0x0000027b       0x1c c:/program files (x86)/gnu tools arm embedded/4.9 2015q3/bin/../lib/gcc/arm-none-eabi/4.9.3/../../../../arm-none-eabi/lib/armv7e-m\libg.a(lib_a-strcmp.o)
 .ARM.attributes
                0x00000297       0x2e c:/program files (x86)/gnu tools arm embedded/4.9 2015q3/bin/../lib/gcc/arm-none-eabi/4.9.3/../../../../arm-none-eabi/lib/armv7e-m\libg.a(lib_a-strcpy.o)
 .ARM.attributes
                0x000002c5       0x2e c:/program files (x86)/gnu tools arm embedded/4.9 2015q3/bin/../lib/gcc/arm-none-eabi/4.9.3/../../../../arm-none-eabi/lib/armv7e-m\libg.a(lib_a-strlen.o)
 .ARM.attributes
                0x000002f3       0x2e c:/program files (x86)/gnu tools arm embedded/4.9 2015q3/bin/../lib/gcc/arm-none-eabi/4.9.3/../../../../arm-none-eabi/lib/armv7e-m\libg.a(lib_a-utoa.o)

.debug_frame    0x00000000     0x187c
 .debug_frame   0x00000000       0x7c ..\obj\semihosting.o
 .debug_frame   0x0000007c      0x490 ..\obj\stm32f4xx_usart.o
 .debug_frame   0x0000050c       0x4c ..\obj\startup_stm32f4xx.o
 .debug_frame   0x00000558       0x84 ..\obj\main.o
 .debug_frame   0x000005dc      0x6d4 ..\obj\stm32f4xx_rcc.o
 .debug_frame   0x00000cb0      0x2dc ..\obj\printf.o
 .debug_frame   0x00000f8c      0x23c ..\obj\stm32f4xx_gpio.o
 .debug_frame   0x000011c8       0x7c ..\obj\system_stm32f4xx.o
 .debug_frame   0x00001244      0x308 ..\obj\stm32f4xx_dma.o
 .debug_frame   0x0000154c      0x240 ..\obj\esp8266.o
 .debug_frame   0x0000178c       0x3c c:/program files (x86)/gnu tools arm embedded/4.9 2015q3/bin/../lib/gcc/arm-none-eabi/4.9.3/../../../../arm-none-eabi/lib/armv7e-m\libg.a(lib_a-itoa.o)
 .debug_frame   0x000017c8       0x28 c:/program files (x86)/gnu tools arm embedded/4.9 2015q3/bin/../lib/gcc/arm-none-eabi/4.9.3/../../../../arm-none-eabi/lib/armv7e-m\libg.a(lib_a-strcat.o)
 .debug_frame   0x000017f0       0x20 c:/program files (x86)/gnu tools arm embedded/4.9 2015q3/bin/../lib/gcc/arm-none-eabi/4.9.3/../../../../arm-none-eabi/lib/armv7e-m\libg.a(lib_a-strcpy.o)
 .debug_frame   0x00001810       0x20 c:/program files (x86)/gnu tools arm embedded/4.9 2015q3/bin/../lib/gcc/arm-none-eabi/4.9.3/../../../../arm-none-eabi/lib/armv7e-m\libg.a(lib_a-strlen.o)
 .debug_frame   0x00001830       0x4c c:/program files (x86)/gnu tools arm embedded/4.9 2015q3/bin/../lib/gcc/arm-none-eabi/4.9.3/../../../../arm-none-eabi/lib/armv7e-m\libg.a(lib_a-utoa.o)
